// Vitest Snapshot v1, https://vitest.dev/guide/snapshot.html

exports[`the recorded case set > '0:uuidv7' generates the case set recorded for it 1`] = `
[
  "quant:{8}#1 | min 8 reps | endpoint | match | full | 4dbddbc6475cefc0",
  "quant:{8}#1 | min 8 reps | outside | silent | full | f1f80a75620aac8f",
  "quant:{8}#1 | max 8 reps | endpoint | match | full | 4dbddbc6475cefc0",
  "class:[0-9a-f]#1 | range 0-9 low | endpoint | match | full | f642ed5c06916284",
  "class:[0-9a-f]#1 | range 0-9 low | outside | silent | full | 32a55f469e3f1c87",
  "class:[0-9a-f]#1 | range 0-9 high | endpoint | match | full | 7660645287d97212",
  "class:[0-9a-f]#1 | range 0-9 high | outside | silent | full | 0dd330867d525fd5",
  "class:[0-9a-f]#1 | range a-f low | endpoint | match | full | cbf702af2c6ed796",
  "class:[0-9a-f]#1 | range a-f low | outside | silent | full | 3387aaa2c419d0d9",
  "class:[0-9a-f]#1 | range a-f high | endpoint | match | full | f71322cb1b0f92b3",
  "class:[0-9a-f]#1 | range a-f high | outside | silent | full | ae710b86be2e7c5b",
  "quant:{4}#1 | min 4 reps | endpoint | match | full | 4dbddbc6475cefc0",
  "quant:{4}#1 | min 4 reps | outside | silent | full | 9ebf89a4188c1029",
  "quant:{4}#1 | max 4 reps | endpoint | match | full | 4dbddbc6475cefc0",
  "quant:{4}#1 | max 4 reps | outside | silent | full | 033d155e85230453",
  "class:[0-9a-f]#2 | range 0-9 low | endpoint | match | full | b57b266999aeb44d",
  "class:[0-9a-f]#2 | range 0-9 low | outside | silent | full | 803d17403d016c50",
  "class:[0-9a-f]#2 | range 0-9 high | endpoint | match | full | 0e2ad8a1b4a8d5e1",
  "class:[0-9a-f]#2 | range 0-9 high | outside | silent | full | 844a34753edd8120",
  "class:[0-9a-f]#2 | range a-f low | endpoint | match | full | ce6ffa468a06bcfc",
  "class:[0-9a-f]#2 | range a-f low | outside | silent | full | 051c3456b5967a1d",
  "class:[0-9a-f]#2 | range a-f high | endpoint | match | full | 415986708f65efb5",
  "class:[0-9a-f]#2 | range a-f high | outside | silent | full | 81254101e228621c",
  "class:[1-8]#1 | range 1-8 low | endpoint | match | pattern | d8011ff3413de6b2",
  "class:[1-8]#1 | range 1-8 low | outside | silent | pattern | 2a480d7e599305f7",
  "class:[1-8]#1 | range 1-8 high | endpoint | match | pattern | 9a773317972b330a",
  "class:[1-8]#1 | range 1-8 high | outside | silent | pattern | 3fcc23bab6d75954",
  "quant:{3}#1 | min 3 reps | endpoint | match | full | 4dbddbc6475cefc0",
  "quant:{3}#1 | min 3 reps | outside | silent | full | b61ea3aaf32cdcb4",
  "quant:{3}#1 | max 3 reps | endpoint | match | full | 4dbddbc6475cefc0",
  "quant:{3}#1 | max 3 reps | outside | silent | full | e8158b764a25b5ce",
  "class:[0-9a-f]#3 | range 0-9 low | endpoint | match | full | 90f0e954b1ef5019",
  "class:[0-9a-f]#3 | range 0-9 low | outside | silent | full | 40c66e9ea4d342be",
  "class:[0-9a-f]#3 | range 0-9 high | endpoint | match | full | ba9979f63c1df55d",
  "class:[0-9a-f]#3 | range 0-9 high | outside | silent | full | 06f3b4592e4e6b0b",
  "class:[0-9a-f]#3 | range a-f low | endpoint | match | full | 70da89d5363c97ce",
  "class:[0-9a-f]#3 | range a-f low | outside | silent | full | 66058ecb27fbb3b0",
  "class:[0-9a-f]#3 | range a-f high | endpoint | match | full | 90d53425ad213c0d",
  "class:[0-9a-f]#3 | range a-f high | outside | silent | full | 143b260bc99d365b",
  "class:[89ab]#1 | member 8 | endpoint | match | full | 941ce9afa588f5b2",
  "class:[89ab]#1 | member 9 | endpoint | match | full | 4dbddbc6475cefc0",
  "class:[89ab]#1 | member a | endpoint | match | full | c00eacbdfe2127bd",
  "class:[89ab]#1 | member b | endpoint | match | full | 3be9cb70a305e008",
  "quant:{3}#2 | min 3 reps | endpoint | match | full | 4dbddbc6475cefc0",
  "quant:{3}#2 | min 3 reps | outside | silent | full | 57831eafbe5b9ac3",
  "quant:{3}#2 | max 3 reps | endpoint | match | full | 4dbddbc6475cefc0",
  "quant:{3}#2 | max 3 reps | outside | silent | full | 5782231cf4fb5f0b",
  "class:[0-9a-f]#4 | range 0-9 low | endpoint | match | full | 939a0666efe2d495",
  "class:[0-9a-f]#4 | range 0-9 low | outside | silent | full | 92c4b385c4560634",
  "class:[0-9a-f]#4 | range 0-9 high | endpoint | match | full | af24794ff8294471",
  "class:[0-9a-f]#4 | range 0-9 high | outside | silent | full | b23efe5e6b072b4f",
  "class:[0-9a-f]#4 | range a-f low | endpoint | match | full | ca26518b1c19c35b",
  "class:[0-9a-f]#4 | range a-f low | outside | silent | full | 06d3598c45729e38",
  "class:[0-9a-f]#4 | range a-f high | endpoint | match | full | 36e18090fd2636f9",
  "class:[0-9a-f]#4 | range a-f high | outside | silent | full | a7b493ab4d815e20",
  "quant:{12}#1 | min 12 reps | endpoint | match | full | 4dbddbc6475cefc0",
  "quant:{12}#1 | min 12 reps | outside | silent | full | 74b3126c76bf1520",
  "quant:{12}#1 | max 12 reps | endpoint | match | full | 4dbddbc6475cefc0",
  "class:[0-9a-f]#5 | range 0-9 low | endpoint | match | full | e3240320fad5d958",
  "class:[0-9a-f]#5 | range 0-9 low | outside | silent | full | bdf9319f5d7ba7cf",
  "class:[0-9a-f]#5 | range 0-9 high | endpoint | match | full | ab57448bd8bc44cb",
  "class:[0-9a-f]#5 | range 0-9 high | outside | silent | full | d967084c9a4854dd",
  "class:[0-9a-f]#5 | range a-f low | endpoint | match | full | df8ffc4cdd7c3c8c",
  "class:[0-9a-f]#5 | range a-f low | outside | silent | full | faadead7eb4ea7ab",
  "class:[0-9a-f]#5 | range a-f high | endpoint | match | full | 4707d798189589a4",
  "class:[0-9a-f]#5 | range a-f high | outside | silent | full | 7256b21e9a768a77",
]
`;

exports[`the recorded case set > '1:iso-datetime' generates the case set recorded for it 1`] = `
[
  "quant:{4}#1 | min 4 reps | endpoint | match | full | fa63e8dd563bec03",
  "quant:{4}#1 | min 4 reps | outside | silent | full | ddeced4077948f5e",
  "quant:{4}#1 | max 4 reps | endpoint | match | full | fa63e8dd563bec03",
  "quant:{4}#1 | max 4 reps | outside | silent | full | 7053cb3b43e1b01e",
  "set:\\d#1 | digits low | endpoint | match | full | 4942868d02105ce8",
  "set:\\d#1 | digits low | outside | silent | full | 80aecd7fccb4b797",
  "set:\\d#1 | digits high | endpoint | match | full | d71a2db29b59f0af",
  "set:\\d#1 | digits high | outside | silent | full | ac323e5b30b887fb",
  "quant:{2}#1 | min 2 reps | endpoint | match | full | fa63e8dd563bec03",
  "quant:{2}#1 | min 2 reps | outside | silent | full | 7a6ce75232aa5609",
  "quant:{2}#1 | max 2 reps | endpoint | match | full | fa63e8dd563bec03",
  "quant:{2}#1 | max 2 reps | outside | silent | full | 33c188951068f714",
  "set:\\d#2 | digits low | endpoint | match | full | 097468965a1a002b",
  "set:\\d#2 | digits low | outside | silent | full | 15c357f6952b85aa",
  "set:\\d#2 | digits high | endpoint | match | full | 4b1520c4ecf8a654",
  "set:\\d#2 | digits high | outside | silent | full | 445ca983466084ec",
  "quant:{2}#2 | min 2 reps | endpoint | match | full | fa63e8dd563bec03",
  "quant:{2}#2 | min 2 reps | outside | silent | full | f04ff430367c2d4a",
  "quant:{2}#2 | max 2 reps | endpoint | match | full | fa63e8dd563bec03",
  "quant:{2}#2 | max 2 reps | outside | silent | full | 49e5092d747eb776",
  "set:\\d#3 | digits low | endpoint | match | full | b10c6e1327e29e71",
  "set:\\d#3 | digits low | outside | silent | full | 0966922cd252acf8",
  "set:\\d#3 | digits high | endpoint | match | full | 02e43bcc6d4b8ae3",
  "set:\\d#3 | digits high | outside | silent | full | 9062517e93b288f7",
  "class:[T ]#1 | member T | endpoint | match | full | fa63e8dd563bec03",
  "class:[T ]#1 | member   | endpoint | match | full | d7a3623a0ce05bbb",
  "quant:{2}#3 | min 2 reps | endpoint | match | full | fa63e8dd563bec03",
  "quant:{2}#3 | min 2 reps | outside | silent | full | 15cbf86ede16ffba",
  "quant:{2}#3 | max 2 reps | endpoint | match | full | fa63e8dd563bec03",
  "quant:{2}#3 | max 2 reps | outside | silent | full | 36fb24664a5c7b3a",
  "set:\\d#4 | digits low | endpoint | match | full | 76d9fe30129eb72b",
  "set:\\d#4 | digits low | outside | silent | full | f5788d65e2474ae7",
  "set:\\d#4 | digits high | endpoint | match | full | 50fecbff191c5d4f",
  "set:\\d#4 | digits high | outside | silent | full | f6013fd24052c63c",
  "quant:{2}#4 | min 2 reps | endpoint | match | full | fa63e8dd563bec03",
  "quant:{2}#4 | min 2 reps | outside | silent | full | 071ef055c4d22ad0",
  "quant:{2}#4 | max 2 reps | endpoint | match | full | fa63e8dd563bec03",
  "set:\\d#5 | digits low | endpoint | match | full | 03eb0d40e9bd88a5",
  "set:\\d#5 | digits low | outside | silent | full | 6ad1bd0ed07ffa8f",
  "set:\\d#5 | digits high | endpoint | match | full | e4415cf628f2774f",
  "set:\\d#5 | digits high | outside | silent | full | bb5a594713dbae67",
  "quant:?#1 | min 0 reps | endpoint | match | full | fa63e8dd563bec03",
  "quant:?#1 | max 1 reps | endpoint | match | full | 2847a3fb11364fde",
  "quant:{2}#5 | min 2 reps | endpoint | match | full | 2847a3fb11364fde",
  "quant:{2}#5 | max 2 reps | endpoint | match | full | 2847a3fb11364fde",
  "set:\\d#6 | digits low | endpoint | match | full | 4ee548efb858a1f8",
  "set:\\d#6 | digits high | endpoint | match | full | 1aad99c26a4a4c0d",
  "quant:?#2 | min 0 reps | endpoint | match | full | fa63e8dd563bec03",
  "quant:?#2 | max 1 reps | endpoint | match | full | a89a90db529468f4",
  "quant:+#1 | min 1 reps | endpoint | match | full | a89a90db529468f4",
  "set:\\d#7 | digits low | endpoint | match | full | 799b30f2c2506415",
  "set:\\d#7 | digits high | endpoint | match | full | 8dfadff27ca17e9c",
  "quant:?#3 | min 0 reps | endpoint | match | full | fa63e8dd563bec03",
  "quant:?#3 | max 1 reps | endpoint | match | full | 88d41be358eea3d2",
  "class:[Zz+-]#1 | member Z | endpoint | match | full | 5f93832f07e74c01",
  "class:[Zz+-]#1 | member z | endpoint | match | full | 88d41be358eea3d2",
  "class:[Zz+-]#1 | member + | endpoint | match | full | 45e599125c397f22",
  "class:[Zz+-]#1 | member - | endpoint | match | full | 47e4db29330f5a31",
  "quant:*#1 | min 0 reps | endpoint | match | full | 88d41be358eea3d2",
  "class:[\\d:]#1 | \\d digits low | endpoint | match | full | e26996cee13f176b",
  "class:[\\d:]#1 | \\d digits high | endpoint | match | full | fd6b82d87a819f15",
  "class:[\\d:]#1 | member : | endpoint | match | full | 0897d6104e2be80c",
]
`;

exports[`the recorded case set > '2:generalized-time' generates the case set recorded for it 1`] = `
[
  "quant:{8}#1 | min 8 reps | endpoint | match | full | ffb8e6379e801804",
  "quant:{8}#1 | min 8 reps | outside | silent | full | 588022b007fac03d",
  "quant:{8}#1 | max 8 reps | endpoint | match | full | ffb8e6379e801804",
  "quant:{8}#1 | max 8 reps | outside | silent | full | 6b8544237957405a",
  "set:\\d#1 | digits low | endpoint | match | full | c462666b30099623",
  "set:\\d#1 | digits low | outside | silent | full | 8c0cba78ca61be32",
  "set:\\d#1 | digits high | endpoint | match | full | b193ab947060a8f7",
  "set:\\d#1 | digits high | outside | silent | full | 95496fe14a0fa97c",
  "quant:{2}#1 | min 2 reps | endpoint | match | full | ffb8e6379e801804",
  "quant:{2}#1 | min 2 reps | outside | silent | full | 588022b007fac03d",
  "quant:{2}#1 | max 2 reps | endpoint | match | full | ffb8e6379e801804",
  "quant:{2}#1 | max 2 reps | outside | silent | full | 6b8544237957405a",
  "set:\\d#2 | digits low | endpoint | match | full | 8765e8b61ed32d06",
  "set:\\d#2 | digits low | outside | silent | full | 5036422baef9301a",
  "set:\\d#2 | digits high | endpoint | match | full | 69cbb23ab587ac38",
  "set:\\d#2 | digits high | outside | silent | full | 2e02970ed31e1463",
  "quant:{2}#2 | min 2 reps | endpoint | match | full | ffb8e6379e801804",
  "quant:{2}#2 | min 2 reps | outside | silent | full | 588022b007fac03d",
  "quant:{2}#2 | max 2 reps | endpoint | match | full | ffb8e6379e801804",
  "quant:{2}#2 | max 2 reps | outside | silent | full | 6b8544237957405a",
  "set:\\d#3 | digits low | endpoint | match | full | b889d35bde532287",
  "set:\\d#3 | digits low | outside | silent | full | bc17dd726a501ea7",
  "set:\\d#3 | digits high | endpoint | match | full | f66569ae2bcd2162",
  "set:\\d#3 | digits high | outside | silent | full | b50935d4cf918ce4",
  "quant:{2}#3 | min 2 reps | endpoint | match | full | ffb8e6379e801804",
  "quant:{2}#3 | min 2 reps | outside | silent | full | 588022b007fac03d",
  "quant:{2}#3 | max 2 reps | endpoint | match | full | ffb8e6379e801804",
  "quant:{2}#3 | max 2 reps | outside | silent | full | 6b8544237957405a",
  "set:\\d#4 | digits low | endpoint | match | full | 9f75c22d6652bfdb",
  "set:\\d#4 | digits low | outside | silent | full | d15988ffda360a0e",
  "set:\\d#4 | digits high | endpoint | match | full | e9b88bd82f83c425",
  "set:\\d#4 | digits high | outside | silent | full | 53b7c20b20598f09",
]
`;

exports[`the recorded case set > '3:clock' generates the case set recorded for it 1`] = `
[
  "alt:([01]\\d|2[0-3])#1 | branch 1 of 2 | endpoint | match | full | 7ccfdb29c7edbd90",
  "alt:([01]\\d|2[0-3])#1 | branch 2 of 2 | endpoint | match | full | ee4c971af9911779",
  "class:[01]#1 | member 0 | endpoint | match | full | 7ccfdb29c7edbd90",
  "class:[01]#1 | member 1 | endpoint | match | full | 02e047c1d7dfa6c8",
  "set:\\d#1 | digits low | endpoint | match | full | e6d3b346b0424c63",
  "set:\\d#1 | digits low | outside | silent | full | 1e0bd7c0f6102f02",
  "set:\\d#1 | digits high | endpoint | match | full | 4878ab5d661e0127",
  "set:\\d#1 | digits high | outside | silent | full | c35f883a2a41ee83",
  "class:[0-3]#1 | range 0-3 low | endpoint | match | full | 4a38fd81b48e0a08",
  "class:[0-3]#1 | range 0-3 low | outside | silent | full | 7425658bf95f3d76",
  "class:[0-3]#1 | range 0-3 high | endpoint | match | full | bf02e59ee1de63c7",
  "class:[0-3]#1 | range 0-3 high | outside | silent | full | 85f3ae5e05df2aea",
  "class:[0-5]#1 | range 0-5 low | endpoint | match | full | ceca176a5df47029",
  "class:[0-5]#1 | range 0-5 low | outside | silent | full | cd070a312f562685",
  "class:[0-5]#1 | range 0-5 high | endpoint | match | full | 9955988353a75ec6",
  "class:[0-5]#1 | range 0-5 high | outside | silent | full | 2354eb60ffc6aa35",
  "set:\\d#2 | digits low | endpoint | match | full | 77e98bb6597daf8f",
  "set:\\d#2 | digits low | outside | silent | full | 76ba59af6edc366b",
  "set:\\d#2 | digits high | endpoint | match | full | 356a3819eeecf017",
  "set:\\d#2 | digits high | outside | silent | full | b748ab011ac677e9",
  "class:[0-5]#2 | range 0-5 low | endpoint | match | full | 0792eb80759cfa72",
  "class:[0-5]#2 | range 0-5 low | outside | silent | full | 1b29719862143e15",
  "class:[0-5]#2 | range 0-5 high | endpoint | match | full | 31f9218ddf828232",
  "class:[0-5]#2 | range 0-5 high | outside | silent | full | b7a411034d45ffec",
  "set:\\d#3 | digits low | endpoint | match | full | a5701fcfd12f5cb1",
  "set:\\d#3 | digits low | outside | silent | full | 9182ae912ddca662",
  "set:\\d#3 | digits high | endpoint | match | full | cbadbfbec1516c78",
  "set:\\d#3 | digits high | outside | silent | full | 3225160b469494b8",
  "quant:?#1 | min 0 reps | endpoint | match | full | 7ccfdb29c7edbd90",
  "quant:?#1 | max 1 reps | endpoint | match | full | bb7a5ff359ad9708",
  "quant:+#1 | min 1 reps | endpoint | match | full | bb7a5ff359ad9708",
  "set:\\d#4 | digits low | endpoint | match | full | 419758039bf72a32",
  "set:\\d#4 | digits high | endpoint | match | full | cdb9742fb26661c4",
]
`;

exports[`the recorded case set > '4:epoch-millis' generates the case set recorded for it 1`] = `
[
  "set:\\d#1 | digits low | endpoint | match | pattern | 193ae628dcf4973a",
  "set:\\d#1 | digits low | outside | silent | pattern | ff478a59b9d21ca9",
  "set:\\d#1 | digits high | endpoint | match | pattern | 1a9133f3f9aa02dd",
  "set:\\d#1 | digits high | outside | silent | pattern | 6169f832efbe6ab8",
  "quant:{12}#1 | min 12 reps | endpoint | match | full | af43e2bde556b7b2",
  "quant:{12}#1 | min 12 reps | outside | silent | full | eeab1485d1c8ca8a",
  "quant:{12}#1 | max 12 reps | endpoint | match | full | af43e2bde556b7b2",
  "quant:{12}#1 | max 12 reps | outside | silent | full | 1c01599d6ffff16c",
  "quant:?#1 | min 0 reps | endpoint | match | full | af43e2bde556b7b2",
  "quant:?#1 | max 1 reps | endpoint | match | full | 2c1a9f062c87f8eb",
  "set:\\d#2 | digits low | endpoint | match | full | 0eb509a4ea38d876",
  "set:\\d#2 | digits low | outside | silent | full | abc417c1156d9646",
  "set:\\d#2 | digits high | endpoint | match | full | d5bebd351c9abed9",
  "set:\\d#2 | digits high | outside | silent | full | 39b58cb87d66f29e",
]
`;

exports[`the recorded case set > '5:epoch-seconds' generates the case set recorded for it 1`] = `
[
  "set:\\d#1 | digits low | endpoint | match | pattern | 188fc4b1fff96ba0",
  "set:\\d#1 | digits low | outside | silent | pattern | ea4bbf4a92e29013",
  "set:\\d#1 | digits high | endpoint | match | pattern | 37787dec4d8e40a4",
  "set:\\d#1 | digits high | outside | silent | pattern | e1cf5355a80898b1",
  "quant:{9}#1 | min 9 reps | endpoint | match | full | 92b26912e661c643",
  "quant:{9}#1 | min 9 reps | outside | silent | full | 8b740237ccc0ab58",
  "quant:{9}#1 | max 9 reps | endpoint | match | full | 92b26912e661c643",
  "quant:{9}#1 | max 9 reps | outside | silent | full | 57931dcdb516954f",
  "quant:?#1 | min 0 reps | endpoint | match | full | 92b26912e661c643",
  "quant:?#1 | max 1 reps | endpoint | match | full | 019d48011f5b75c1",
  "set:\\d#2 | digits low | endpoint | match | full | 52a5d4a071d82cae",
  "set:\\d#2 | digits low | outside | silent | full | 88374d9b74c626e9",
  "set:\\d#2 | digits high | endpoint | match | full | 459514069f31ac7a",
  "set:\\d#2 | digits high | outside | silent | full | c7252fb5961980c6",
]
`;

exports[`the recorded case set > '6:host-path' generates the case set recorded for it 1`] = `
[
  "alt:\\/(?:home|Users|workspace|opt)\\/(?:[\\w.-]|[^\\p{ASCII}\\s])+|\\/(?:private\\/)?tmp\\/(?:(?:[\\w.-]|[^\\p{ASCII}\\s])+\\/)*(?:[\\w.-]|[^\\p{ASCII}\\s])+|\\/(?:private\\/)?var\\/folders\\/(?:[\\w.-]|[^\\p{ASCII}\\s])+|[A-Za-z]:\\\\{1,2}(?:[\\w.-]|[^\\p{ASCII}\\s])+#1 | branch 1 of 4 | endpoint | match | full | b538acd458175287",
  "alt:\\/(?:home|Users|workspace|opt)\\/(?:[\\w.-]|[^\\p{ASCII}\\s])+|\\/(?:private\\/)?tmp\\/(?:(?:[\\w.-]|[^\\p{ASCII}\\s])+\\/)*(?:[\\w.-]|[^\\p{ASCII}\\s])+|\\/(?:private\\/)?var\\/folders\\/(?:[\\w.-]|[^\\p{ASCII}\\s])+|[A-Za-z]:\\\\{1,2}(?:[\\w.-]|[^\\p{ASCII}\\s])+#1 | branch 2 of 4 | endpoint | match | full | 3a4aa563c788d2eb",
  "alt:\\/(?:home|Users|workspace|opt)\\/(?:[\\w.-]|[^\\p{ASCII}\\s])+|\\/(?:private\\/)?tmp\\/(?:(?:[\\w.-]|[^\\p{ASCII}\\s])+\\/)*(?:[\\w.-]|[^\\p{ASCII}\\s])+|\\/(?:private\\/)?var\\/folders\\/(?:[\\w.-]|[^\\p{ASCII}\\s])+|[A-Za-z]:\\\\{1,2}(?:[\\w.-]|[^\\p{ASCII}\\s])+#1 | branch 3 of 4 | endpoint | match | full | 4978b50c09efc08f",
  "alt:\\/(?:home|Users|workspace|opt)\\/(?:[\\w.-]|[^\\p{ASCII}\\s])+|\\/(?:private\\/)?tmp\\/(?:(?:[\\w.-]|[^\\p{ASCII}\\s])+\\/)*(?:[\\w.-]|[^\\p{ASCII}\\s])+|\\/(?:private\\/)?var\\/folders\\/(?:[\\w.-]|[^\\p{ASCII}\\s])+|[A-Za-z]:\\\\{1,2}(?:[\\w.-]|[^\\p{ASCII}\\s])+#1 | branch 4 of 4 | endpoint | match | full | 6240940a1b49f229",
  "alt:(?:home|Users|workspace|opt)#1 | branch 1 of 4 | endpoint | match | full | 09b70b4514327ee2",
  "alt:(?:home|Users|workspace|opt)#1 | branch 2 of 4 | endpoint | match | full | b538acd458175287",
  "alt:(?:home|Users|workspace|opt)#1 | branch 3 of 4 | endpoint | match | full | 0d5029fa72c72703",
  "alt:(?:home|Users|workspace|opt)#1 | branch 4 of 4 | endpoint | match | full | 084dc4d87adb4161",
  "quant:+#1 | min 1 reps | endpoint | match | full | b538acd458175287",
  "quant:+#1 | min 1 reps | outside | silent | full | 46dc943e3424a225",
  "alt:(?:[\\w.-]|[^\\p{ASCII}\\s])#1 | branch 1 of 2 | endpoint | match | full | b538acd458175287",
  "alt:(?:[\\w.-]|[^\\p{ASCII}\\s])#1 | branch 2 of 2 | endpoint | match | full | 516e4dbe3e9677e7",
  "class:[\\w.-]#1 | \\w digits low | endpoint | match | full | c04dcbbdb245d7a4",
  "class:[\\w.-]#1 | \\w digits low | outside | silent | full | eff8d8e63c5f92c0",
  "class:[\\w.-]#1 | \\w digits high | endpoint | match | full | baba59f4565182c8",
  "class:[\\w.-]#1 | \\w digits high | outside | silent | full | 3305169f967660a6",
  "class:[\\w.-]#1 | \\w upper low | endpoint | match | full | 66790f01c1ed9c18",
  "class:[\\w.-]#1 | \\w upper low | outside | silent | full | 30e41be97c47519c",
  "class:[\\w.-]#1 | \\w upper high | endpoint | match | full | 8c21c894954ac4f8",
  "class:[\\w.-]#1 | \\w upper high | outside | silent | full | 037ac9c42e2bad8a",
  "class:[\\w.-]#1 | \\w underscore | endpoint | match | full | b538acd458175287",
  "class:[\\w.-]#1 | \\w lower low | endpoint | match | full | e1bf92542b227512",
  "class:[\\w.-]#1 | \\w lower low | outside | silent | full | 091337dec162228c",
  "class:[\\w.-]#1 | \\w lower high | endpoint | match | full | 95efe5459271ce86",
  "class:[\\w.-]#1 | \\w lower high | outside | silent | full | c25f575c46d62086",
  "class:[\\w.-]#1 | member . | endpoint | match | full | 6068b208bcd426dc",
  "class:[\\w.-]#1 | member - | endpoint | match | full | 43f48894375a2aa0",
  "quant:?#1 | min 0 reps | endpoint | match | full | 3a4aa563c788d2eb",
  "quant:?#1 | max 1 reps | endpoint | match | full | f6fd2c08df100880",
  "quant:*#1 | min 0 reps | endpoint | match | full | 3a4aa563c788d2eb",
  "quant:+#2 | min 1 reps | endpoint | match | full | a97a3488c9485bde",
  "alt:(?:[\\w.-]|[^\\p{ASCII}\\s])#2 | branch 1 of 2 | endpoint | match | full | a97a3488c9485bde",
  "alt:(?:[\\w.-]|[^\\p{ASCII}\\s])#2 | branch 2 of 2 | endpoint | match | full | 9889c830cf1067f2",
  "class:[\\w.-]#2 | \\w digits low | endpoint | match | full | b08cf25094fb230f",
  "class:[\\w.-]#2 | \\w digits high | endpoint | match | full | e399d857433051a3",
  "class:[\\w.-]#2 | \\w upper low | endpoint | match | full | 6abd7b51a315f3d3",
  "class:[\\w.-]#2 | \\w upper high | endpoint | match | full | c67b297f1f0d7b04",
  "class:[\\w.-]#2 | \\w underscore | endpoint | match | full | a97a3488c9485bde",
  "class:[\\w.-]#2 | \\w lower low | endpoint | match | full | 34623ce15f1ed292",
  "class:[\\w.-]#2 | \\w lower high | endpoint | match | full | bdf0aa402bdde258",
  "class:[\\w.-]#2 | member . | endpoint | match | full | 2397ed40ab032743",
  "class:[\\w.-]#2 | member - | endpoint | match | full | 613698c51bc1288a",
  "quant:+#3 | min 1 reps | endpoint | match | full | 3a4aa563c788d2eb",
  "quant:+#3 | min 1 reps | outside | silent | full | ac351c7174c8f47a",
  "alt:(?:[\\w.-]|[^\\p{ASCII}\\s])#3 | branch 1 of 2 | endpoint | match | full | 3a4aa563c788d2eb",
  "alt:(?:[\\w.-]|[^\\p{ASCII}\\s])#3 | branch 2 of 2 | endpoint | match | full | 1c285e702a06dc83",
  "class:[\\w.-]#3 | \\w digits low | endpoint | match | full | bc62eb9cc83f4a70",
  "class:[\\w.-]#3 | \\w digits low | outside | silent | full | 3cf73824ec1745d9",
  "class:[\\w.-]#3 | \\w digits high | endpoint | match | full | 158264b1ca3f2648",
  "class:[\\w.-]#3 | \\w digits high | outside | silent | full | fc22e2dea2799ddc",
  "class:[\\w.-]#3 | \\w upper low | endpoint | match | full | e75ab5f77a38e92a",
  "class:[\\w.-]#3 | \\w upper low | outside | silent | full | a6a8a3128d94271c",
  "class:[\\w.-]#3 | \\w upper high | endpoint | match | full | f84c584388de0463",
  "class:[\\w.-]#3 | \\w upper high | outside | silent | full | a83e646b5229f866",
  "class:[\\w.-]#3 | \\w underscore | endpoint | match | full | 3a4aa563c788d2eb",
  "class:[\\w.-]#3 | \\w lower low | endpoint | match | full | d9b741ea3d4d24a6",
  "class:[\\w.-]#3 | \\w lower low | outside | silent | full | 968dc97751e381d5",
  "class:[\\w.-]#3 | \\w lower high | endpoint | match | full | 7e486be997382553",
  "class:[\\w.-]#3 | \\w lower high | outside | silent | full | b5dbd747550fafb4",
  "class:[\\w.-]#3 | member . | endpoint | match | full | 15609f4b5ae6c78a",
  "class:[\\w.-]#3 | member - | endpoint | match | full | 1a1aa7407ab37c7c",
  "quant:?#2 | min 0 reps | endpoint | match | full | 4978b50c09efc08f",
  "quant:?#2 | max 1 reps | endpoint | match | full | e351a2e576725233",
  "quant:+#4 | min 1 reps | endpoint | match | full | 4978b50c09efc08f",
  "quant:+#4 | min 1 reps | outside | silent | full | 2d47a09e17242cbc",
  "alt:(?:[\\w.-]|[^\\p{ASCII}\\s])#4 | branch 1 of 2 | endpoint | match | full | 4978b50c09efc08f",
  "alt:(?:[\\w.-]|[^\\p{ASCII}\\s])#4 | branch 2 of 2 | endpoint | match | full | abafc102a0126832",
  "class:[\\w.-]#4 | \\w digits low | endpoint | match | full | 9cfb67338ae5d9d0",
  "class:[\\w.-]#4 | \\w digits low | outside | silent | full | 30d6dacbe6708312",
  "class:[\\w.-]#4 | \\w digits high | endpoint | match | full | 785871278da5c6b9",
  "class:[\\w.-]#4 | \\w digits high | outside | silent | full | ad1017aaaba86c26",
  "class:[\\w.-]#4 | \\w upper low | endpoint | match | full | f1fa1f7cef35b622",
  "class:[\\w.-]#4 | \\w upper low | outside | silent | full | d2fcdb54f4d29553",
  "class:[\\w.-]#4 | \\w upper high | endpoint | match | full | 18868a1d97a9d671",
  "class:[\\w.-]#4 | \\w upper high | outside | silent | full | 4e417e786b002c57",
  "class:[\\w.-]#4 | \\w underscore | endpoint | match | full | 4978b50c09efc08f",
  "class:[\\w.-]#4 | \\w lower low | endpoint | match | full | 43bf4659aab753de",
  "class:[\\w.-]#4 | \\w lower low | outside | silent | full | 5596a11c28ae7311",
  "class:[\\w.-]#4 | \\w lower high | endpoint | match | full | 54bca16849a3f500",
  "class:[\\w.-]#4 | \\w lower high | outside | silent | full | 0950b1c67c0f4830",
  "class:[\\w.-]#4 | member . | endpoint | match | full | 90fd891a30c8a6f9",
  "class:[\\w.-]#4 | member - | endpoint | match | full | 682f5ab58128ea61",
  "class:[A-Za-z]#1 | range A-Z low | endpoint | match | full | 3fc8d6f718d5d578",
  "class:[A-Za-z]#1 | range A-Z low | outside | silent | full | 301d81e9a39a1875",
  "class:[A-Za-z]#1 | range A-Z high | endpoint | match | full | 9f94f682172e20b4",
  "class:[A-Za-z]#1 | range A-Z high | outside | silent | full | dc8137ba537ad726",
  "class:[A-Za-z]#1 | range a-z low | endpoint | match | full | 24b96b1933ef9b06",
  "class:[A-Za-z]#1 | range a-z low | outside | silent | full | 5e853aba209584ee",
  "class:[A-Za-z]#1 | range a-z high | endpoint | match | full | 38fccf5c17d76873",
  "class:[A-Za-z]#1 | range a-z high | outside | silent | full | 90b4358d8a7412f5",
  "quant:{1,2}#1 | min 1 reps | endpoint | match | full | 6240940a1b49f229",
  "quant:{1,2}#1 | min 1 reps | outside | silent | full | 2997159dcafb4c07",
  "quant:{1,2}#1 | max 2 reps | endpoint | match | full | 417889e0f0e4b31f",
  "quant:{1,2}#1 | max 2 reps | outside | silent | full | 5a8d4de88d2780aa",
  "quant:+#5 | min 1 reps | endpoint | match | full | 6240940a1b49f229",
  "quant:+#5 | min 1 reps | outside | silent | full | a244f46ce59b2eca",
  "alt:(?:[\\w.-]|[^\\p{ASCII}\\s])#5 | branch 1 of 2 | endpoint | match | full | 6240940a1b49f229",
  "alt:(?:[\\w.-]|[^\\p{ASCII}\\s])#5 | branch 2 of 2 | endpoint | match | full | 3dbddd25d86d6570",
  "class:[\\w.-]#5 | \\w digits low | endpoint | match | full | afe45320bc9e7241",
  "class:[\\w.-]#5 | \\w digits low | outside | silent | full | ce997171cc94b112",
  "class:[\\w.-]#5 | \\w digits high | endpoint | match | full | f84874ed20f510b4",
  "class:[\\w.-]#5 | \\w digits high | outside | silent | full | 3e9d28c0d5a14355",
  "class:[\\w.-]#5 | \\w upper low | endpoint | match | full | 81df1552e8d73490",
  "class:[\\w.-]#5 | \\w upper low | outside | silent | full | 2deed8731ecb5948",
  "class:[\\w.-]#5 | \\w upper high | endpoint | match | full | 7ba4644e5e5b5f5a",
  "class:[\\w.-]#5 | \\w upper high | outside | silent | full | f4ed24a89a5ee035",
  "class:[\\w.-]#5 | \\w underscore | endpoint | match | full | 6240940a1b49f229",
  "class:[\\w.-]#5 | \\w lower low | endpoint | match | full | 2b7edcdf6d1e2b07",
  "class:[\\w.-]#5 | \\w lower low | outside | silent | full | d86de5a47466288f",
  "class:[\\w.-]#5 | \\w lower high | endpoint | match | full | 3afa7d614d4b5359",
  "class:[\\w.-]#5 | \\w lower high | outside | silent | full | 6e70497964dc98af",
  "class:[\\w.-]#5 | member . | endpoint | match | full | 2f7175e6fc60fb46",
  "class:[\\w.-]#5 | member - | endpoint | match | full | 31da496a98294b78",
]
`;

exports[`the recorded case set > '7:host-path' generates the case set recorded for it 1`] = `
[
  "quant:*#1 | min 0 reps | endpoint | match | full | 1cc90d80e8882c34",
  "alt:(?:[\\w.-]|[^\\p{ASCII}\\s])#1 | branch 1 of 2 | endpoint | match | full | 0423165e5724c0db",
  "alt:(?:[\\w.-]|[^\\p{ASCII}\\s])#1 | branch 2 of 2 | endpoint | match | full | 083246cd31c91c1c",
  "class:[\\w.-]#1 | \\w digits low | endpoint | match | full | d34a109b9cc0c8bd",
  "class:[\\w.-]#1 | \\w digits high | endpoint | match | full | ea08003eb1b5b04f",
  "class:[\\w.-]#1 | \\w upper low | endpoint | match | full | 81c8dcc2e9df366c",
  "class:[\\w.-]#1 | \\w upper high | endpoint | match | full | dd0a1cc1bf5b8787",
  "class:[\\w.-]#1 | \\w underscore | endpoint | match | full | 0423165e5724c0db",
  "class:[\\w.-]#1 | \\w lower low | endpoint | match | full | aeaab84f3fedfcc5",
  "class:[\\w.-]#1 | \\w lower high | endpoint | match | full | 83afaa10fc375583",
  "class:[\\w.-]#1 | member . | endpoint | match | full | b8435050c1c85291",
  "class:[\\w.-]#1 | member - | endpoint | match | full | 18b5470ecaa86bf6",
]
`;

exports[`the recorded case set > '8:toolchain-identity' generates the case set recorded for it 1`] = `[]`;

exports[`the recorded case set > '9:toolchain-identity' generates the case set recorded for it 1`] = `[]`;

exports[`the recorded case set > '10:toolchain-identity' generates the case set recorded for it 1`] = `[]`;

exports[`the recorded case set > '11:toolchain-identity' generates the case set recorded for it 1`] = `[]`;

exports[`the recorded case set > '12:toolchain-identity' generates the case set recorded for it 1`] = `[]`;

exports[`the recorded case set > '13:toolchain-identity' generates the case set recorded for it 1`] = `[]`;

exports[`the recorded case set > '14:toolchain-identity' generates the case set recorded for it 1`] = `[]`;

exports[`the recorded case set > '15:toolchain-identity' generates the case set recorded for it 1`] = `[]`;

exports[`the recorded case set > '16:toolchain-identity' generates the case set recorded for it 1`] = `[]`;

exports[`the recorded case set > '17:toolchain-identity' generates the case set recorded for it 1`] = `[]`;

exports[`the recorded case set > '18:toolchain-identity' generates the case set recorded for it 1`] = `[]`;

exports[`the recorded case set > '19:toolchain-identity' generates the case set recorded for it 1`] = `[]`;

exports[`the recorded case set > '20:toolchain-identity' generates the case set recorded for it 1`] = `[]`;

exports[`the recorded case set > '21:toolchain-identity' generates the case set recorded for it 1`] = `[]`;

exports[`the recorded case set > '22:toolchain-identity' generates the case set recorded for it 1`] = `[]`;

exports[`the recorded case set > '23:toolchain-identity' generates the case set recorded for it 1`] = `[]`;

exports[`the recorded case set > '24:toolchain-identity' generates the case set recorded for it 1`] = `[]`;
