// Vitest Snapshot v1, https://vitest.dev/guide/snapshot.html

exports[`the recorded case set > 'absolute-host-path' generates the case set recorded for it 1`] = `
[
  "alt:(?:\\/(?:home|Users|workspace|opt)\\/(?:[\\w.-]|[^\\p{ASCII}\\s])+|\\/(?:private\\/)?tmp\\/(?:(?:[\\w.-]|[^\\p{ASCII}\\s])+\\/)*(?:[\\w.-]|[^\\p{ASCII}\\s])*\\d{4}(?:[\\w.-]|[^\\p{ASCII}\\s])*|\\/(?:private\\/)?var\\/folders\\/(?:[\\w.-]|[^\\p{ASCII}\\s])+|[A-Za-z]:\\\\{1,2}(?:[\\w.-]|[^\\p{ASCII}\\s])+|(?<!\\/)~\\p{L}(?:[\\w.-]|[^\\p{ASCII}\\s])*\\/)#1 | branch 1 of 5 | endpoint | match | full | b538acd458175287",
  "alt:(?:\\/(?:home|Users|workspace|opt)\\/(?:[\\w.-]|[^\\p{ASCII}\\s])+|\\/(?:private\\/)?tmp\\/(?:(?:[\\w.-]|[^\\p{ASCII}\\s])+\\/)*(?:[\\w.-]|[^\\p{ASCII}\\s])*\\d{4}(?:[\\w.-]|[^\\p{ASCII}\\s])*|\\/(?:private\\/)?var\\/folders\\/(?:[\\w.-]|[^\\p{ASCII}\\s])+|[A-Za-z]:\\\\{1,2}(?:[\\w.-]|[^\\p{ASCII}\\s])+|(?<!\\/)~\\p{L}(?:[\\w.-]|[^\\p{ASCII}\\s])*\\/)#1 | branch 2 of 5 | endpoint | match | full | 09f3ca3b0e151e2f",
  "alt:(?:\\/(?:home|Users|workspace|opt)\\/(?:[\\w.-]|[^\\p{ASCII}\\s])+|\\/(?:private\\/)?tmp\\/(?:(?:[\\w.-]|[^\\p{ASCII}\\s])+\\/)*(?:[\\w.-]|[^\\p{ASCII}\\s])*\\d{4}(?:[\\w.-]|[^\\p{ASCII}\\s])*|\\/(?:private\\/)?var\\/folders\\/(?:[\\w.-]|[^\\p{ASCII}\\s])+|[A-Za-z]:\\\\{1,2}(?:[\\w.-]|[^\\p{ASCII}\\s])+|(?<!\\/)~\\p{L}(?:[\\w.-]|[^\\p{ASCII}\\s])*\\/)#1 | branch 3 of 5 | endpoint | match | full | 4978b50c09efc08f",
  "alt:(?:\\/(?:home|Users|workspace|opt)\\/(?:[\\w.-]|[^\\p{ASCII}\\s])+|\\/(?:private\\/)?tmp\\/(?:(?:[\\w.-]|[^\\p{ASCII}\\s])+\\/)*(?:[\\w.-]|[^\\p{ASCII}\\s])*\\d{4}(?:[\\w.-]|[^\\p{ASCII}\\s])*|\\/(?:private\\/)?var\\/folders\\/(?:[\\w.-]|[^\\p{ASCII}\\s])+|[A-Za-z]:\\\\{1,2}(?:[\\w.-]|[^\\p{ASCII}\\s])+|(?<!\\/)~\\p{L}(?:[\\w.-]|[^\\p{ASCII}\\s])*\\/)#1 | branch 4 of 5 | endpoint | match | full | 6240940a1b49f229",
  "alt:(?:\\/(?:home|Users|workspace|opt)\\/(?:[\\w.-]|[^\\p{ASCII}\\s])+|\\/(?:private\\/)?tmp\\/(?:(?:[\\w.-]|[^\\p{ASCII}\\s])+\\/)*(?:[\\w.-]|[^\\p{ASCII}\\s])*\\d{4}(?:[\\w.-]|[^\\p{ASCII}\\s])*|\\/(?:private\\/)?var\\/folders\\/(?:[\\w.-]|[^\\p{ASCII}\\s])+|[A-Za-z]:\\\\{1,2}(?:[\\w.-]|[^\\p{ASCII}\\s])+|(?<!\\/)~\\p{L}(?:[\\w.-]|[^\\p{ASCII}\\s])*\\/)#1 | branch 5 of 5 | endpoint | match | full | 1cc90d80e8882c34",
  "alt:(?:home|Users|workspace|opt)#1 | branch 1 of 4 | endpoint | match | full | 09b70b4514327ee2",
  "alt:(?:home|Users|workspace|opt)#1 | branch 2 of 4 | endpoint | match | full | b538acd458175287",
  "alt:(?:home|Users|workspace|opt)#1 | branch 3 of 4 | endpoint | match | full | 0d5029fa72c72703",
  "alt:(?:home|Users|workspace|opt)#1 | branch 4 of 4 | endpoint | match | full | 084dc4d87adb4161",
  "quant:+#1 | min 1 reps | endpoint | match | full | b538acd458175287",
  "quant:+#1 | min 1 reps | outside | silent | full | 46dc943e3424a225",
  "alt:(?:[\\w.-]|[^\\p{ASCII}\\s])#1 | branch 1 of 2 | endpoint | match | full | b538acd458175287",
  "alt:(?:[\\w.-]|[^\\p{ASCII}\\s])#1 | branch 2 of 2 | endpoint | match | full | 516e4dbe3e9677e7",
  "class:[\\w.-]#1 | \\w digits low | endpoint | match | full | c04dcbbdb245d7a4",
  "class:[\\w.-]#1 | \\w digits low | outside | silent | full | eff8d8e63c5f92c0",
  "class:[\\w.-]#1 | \\w digits high | endpoint | match | full | baba59f4565182c8",
  "class:[\\w.-]#1 | \\w digits high | outside | silent | full | 3305169f967660a6",
  "class:[\\w.-]#1 | \\w upper low | endpoint | match | full | 66790f01c1ed9c18",
  "class:[\\w.-]#1 | \\w upper low | outside | silent | full | 30e41be97c47519c",
  "class:[\\w.-]#1 | \\w upper high | endpoint | match | full | 8c21c894954ac4f8",
  "class:[\\w.-]#1 | \\w upper high | outside | silent | full | 037ac9c42e2bad8a",
  "class:[\\w.-]#1 | \\w underscore | endpoint | match | full | b538acd458175287",
  "class:[\\w.-]#1 | \\w lower low | endpoint | match | full | e1bf92542b227512",
  "class:[\\w.-]#1 | \\w lower low | outside | silent | full | 091337dec162228c",
  "class:[\\w.-]#1 | \\w lower high | endpoint | match | full | 95efe5459271ce86",
  "class:[\\w.-]#1 | \\w lower high | outside | silent | full | c25f575c46d62086",
  "class:[\\w.-]#1 | member . | endpoint | match | full | 6068b208bcd426dc",
  "class:[\\w.-]#1 | member - | endpoint | match | full | 43f48894375a2aa0",
  "quant:?#1 | min 0 reps | endpoint | match | full | 09f3ca3b0e151e2f",
  "quant:?#1 | max 1 reps | endpoint | match | full | 74fa26836ff3e7bf",
  "quant:*#1 | min 0 reps | endpoint | match | full | 09f3ca3b0e151e2f",
  "quant:+#2 | min 1 reps | endpoint | match | full | e5a288965db4edfd",
  "alt:(?:[\\w.-]|[^\\p{ASCII}\\s])#2 | branch 1 of 2 | endpoint | match | full | e5a288965db4edfd",
  "alt:(?:[\\w.-]|[^\\p{ASCII}\\s])#2 | branch 2 of 2 | endpoint | match | full | fb5c7c29ad067f95",
  "class:[\\w.-]#2 | \\w digits low | endpoint | match | full | 444ad1dd65bc7cf6",
  "class:[\\w.-]#2 | \\w digits high | endpoint | match | full | 9af414dd0c96c092",
  "class:[\\w.-]#2 | \\w upper low | endpoint | match | full | 82de7aa64fc4dfd8",
  "class:[\\w.-]#2 | \\w upper high | endpoint | match | full | ed5ec5fca02bbbb1",
  "class:[\\w.-]#2 | \\w underscore | endpoint | match | full | e5a288965db4edfd",
  "class:[\\w.-]#2 | \\w lower low | endpoint | match | full | 05924158453ca43d",
  "class:[\\w.-]#2 | \\w lower high | endpoint | match | full | ed9150c3cfcb3cf1",
  "class:[\\w.-]#2 | member . | endpoint | match | full | e6582ce2244e8c73",
  "class:[\\w.-]#2 | member - | endpoint | match | full | b945489ee5e7cb52",
  "quant:*#2 | min 0 reps | endpoint | match | full | 09f3ca3b0e151e2f",
  "alt:(?:[\\w.-]|[^\\p{ASCII}\\s])#3 | branch 1 of 2 | endpoint | match | full | a07fac0803e75d7f",
  "alt:(?:[\\w.-]|[^\\p{ASCII}\\s])#3 | branch 2 of 2 | endpoint | match | full | 347c8a01bd24e606",
  "class:[\\w.-]#3 | \\w digits low | endpoint | match | full | 9b7088092bb42814",
  "class:[\\w.-]#3 | \\w digits high | endpoint | match | full | 732e7e1299f6c724",
  "class:[\\w.-]#3 | \\w upper low | endpoint | match | full | e28fd29d7a73a990",
  "class:[\\w.-]#3 | \\w upper high | endpoint | match | full | 1dd557b117118b6f",
  "class:[\\w.-]#3 | \\w underscore | endpoint | match | full | a07fac0803e75d7f",
  "class:[\\w.-]#3 | \\w lower low | endpoint | match | full | 87262753647fa2d9",
  "class:[\\w.-]#3 | \\w lower high | endpoint | match | full | aa907753e513fa00",
  "class:[\\w.-]#3 | member . | endpoint | match | full | 82a1f5a9da8096dd",
  "class:[\\w.-]#3 | member - | endpoint | match | full | 066d910b3862cb07",
  "quant:{4}#1 | min 4 reps | endpoint | match | full | 09f3ca3b0e151e2f",
  "quant:{4}#1 | min 4 reps | outside | silent | full | c570ae50f9e6e0fe",
  "quant:{4}#1 | max 4 reps | endpoint | match | full | 09f3ca3b0e151e2f",
  "set:\\d#1 | digits low | endpoint | match | full | efbcca056e8422eb",
  "set:\\d#1 | digits low | outside | silent | full | 93db6f348feea03f",
  "set:\\d#1 | digits high | endpoint | match | full | fcfe5f0f45e7248c",
  "set:\\d#1 | digits high | outside | silent | full | 7a2da614fa81a779",
  "quant:*#3 | min 0 reps | endpoint | match | full | 09f3ca3b0e151e2f",
  "alt:(?:[\\w.-]|[^\\p{ASCII}\\s])#4 | branch 1 of 2 | endpoint | match | full | 946c75c475a3b78c",
  "alt:(?:[\\w.-]|[^\\p{ASCII}\\s])#4 | branch 2 of 2 | endpoint | match | full | abd3c75623eb3aa4",
  "class:[\\w.-]#4 | \\w digits low | endpoint | match | full | 6b116685a1a02a5a",
  "class:[\\w.-]#4 | \\w digits high | endpoint | match | full | e269469d871aac0b",
  "class:[\\w.-]#4 | \\w upper low | endpoint | match | full | 9b3f1cef2696ad04",
  "class:[\\w.-]#4 | \\w upper high | endpoint | match | full | 5e6746e788e107ba",
  "class:[\\w.-]#4 | \\w underscore | endpoint | match | full | 946c75c475a3b78c",
  "class:[\\w.-]#4 | \\w lower low | endpoint | match | full | cd1d078b2920334b",
  "class:[\\w.-]#4 | \\w lower high | endpoint | match | full | 4f5e1c788bb14ee3",
  "class:[\\w.-]#4 | member . | endpoint | match | full | 5c84ced629d72170",
  "class:[\\w.-]#4 | member - | endpoint | match | full | 9970a5631e983777",
  "quant:?#2 | min 0 reps | endpoint | match | full | 4978b50c09efc08f",
  "quant:?#2 | max 1 reps | endpoint | match | full | e351a2e576725233",
  "quant:+#3 | min 1 reps | endpoint | match | full | 4978b50c09efc08f",
  "quant:+#3 | min 1 reps | outside | silent | full | 2d47a09e17242cbc",
  "alt:(?:[\\w.-]|[^\\p{ASCII}\\s])#5 | branch 1 of 2 | endpoint | match | full | 4978b50c09efc08f",
  "alt:(?:[\\w.-]|[^\\p{ASCII}\\s])#5 | branch 2 of 2 | endpoint | match | full | abafc102a0126832",
  "class:[\\w.-]#5 | \\w digits low | endpoint | match | full | 9cfb67338ae5d9d0",
  "class:[\\w.-]#5 | \\w digits low | outside | silent | full | 30d6dacbe6708312",
  "class:[\\w.-]#5 | \\w digits high | endpoint | match | full | 785871278da5c6b9",
  "class:[\\w.-]#5 | \\w digits high | outside | silent | full | ad1017aaaba86c26",
  "class:[\\w.-]#5 | \\w upper low | endpoint | match | full | f1fa1f7cef35b622",
  "class:[\\w.-]#5 | \\w upper low | outside | silent | full | d2fcdb54f4d29553",
  "class:[\\w.-]#5 | \\w upper high | endpoint | match | full | 18868a1d97a9d671",
  "class:[\\w.-]#5 | \\w upper high | outside | silent | full | 4e417e786b002c57",
  "class:[\\w.-]#5 | \\w underscore | endpoint | match | full | 4978b50c09efc08f",
  "class:[\\w.-]#5 | \\w lower low | endpoint | match | full | 43bf4659aab753de",
  "class:[\\w.-]#5 | \\w lower low | outside | silent | full | 5596a11c28ae7311",
  "class:[\\w.-]#5 | \\w lower high | endpoint | match | full | 54bca16849a3f500",
  "class:[\\w.-]#5 | \\w lower high | outside | silent | full | 0950b1c67c0f4830",
  "class:[\\w.-]#5 | member . | endpoint | match | full | 90fd891a30c8a6f9",
  "class:[\\w.-]#5 | member - | endpoint | match | full | 682f5ab58128ea61",
  "class:[A-Za-z]#1 | range A-Z low | endpoint | match | full | 3fc8d6f718d5d578",
  "class:[A-Za-z]#1 | range A-Z low | outside | silent | full | 301d81e9a39a1875",
  "class:[A-Za-z]#1 | range A-Z high | endpoint | match | full | 9f94f682172e20b4",
  "class:[A-Za-z]#1 | range A-Z high | outside | silent | full | dc8137ba537ad726",
  "class:[A-Za-z]#1 | range a-z low | endpoint | match | full | 24b96b1933ef9b06",
  "class:[A-Za-z]#1 | range a-z low | outside | silent | full | 5e853aba209584ee",
  "class:[A-Za-z]#1 | range a-z high | endpoint | match | full | 38fccf5c17d76873",
  "class:[A-Za-z]#1 | range a-z high | outside | silent | full | 90b4358d8a7412f5",
  "quant:{1,2}#1 | min 1 reps | endpoint | match | full | 6240940a1b49f229",
  "quant:{1,2}#1 | min 1 reps | outside | silent | full | 2997159dcafb4c07",
  "quant:{1,2}#1 | max 2 reps | endpoint | match | full | 417889e0f0e4b31f",
  "quant:{1,2}#1 | max 2 reps | outside | silent | full | 5a8d4de88d2780aa",
  "quant:+#4 | min 1 reps | endpoint | match | full | 6240940a1b49f229",
  "quant:+#4 | min 1 reps | outside | silent | full | a244f46ce59b2eca",
  "alt:(?:[\\w.-]|[^\\p{ASCII}\\s])#6 | branch 1 of 2 | endpoint | match | full | 6240940a1b49f229",
  "alt:(?:[\\w.-]|[^\\p{ASCII}\\s])#6 | branch 2 of 2 | endpoint | match | full | 3dbddd25d86d6570",
  "class:[\\w.-]#6 | \\w digits low | endpoint | match | full | afe45320bc9e7241",
  "class:[\\w.-]#6 | \\w digits low | outside | silent | full | ce997171cc94b112",
  "class:[\\w.-]#6 | \\w digits high | endpoint | match | full | f84874ed20f510b4",
  "class:[\\w.-]#6 | \\w digits high | outside | silent | full | 3e9d28c0d5a14355",
  "class:[\\w.-]#6 | \\w upper low | endpoint | match | full | 81df1552e8d73490",
  "class:[\\w.-]#6 | \\w upper low | outside | silent | full | 2deed8731ecb5948",
  "class:[\\w.-]#6 | \\w upper high | endpoint | match | full | 7ba4644e5e5b5f5a",
  "class:[\\w.-]#6 | \\w upper high | outside | silent | full | f4ed24a89a5ee035",
  "class:[\\w.-]#6 | \\w underscore | endpoint | match | full | 6240940a1b49f229",
  "class:[\\w.-]#6 | \\w lower low | endpoint | match | full | 2b7edcdf6d1e2b07",
  "class:[\\w.-]#6 | \\w lower low | outside | silent | full | d86de5a47466288f",
  "class:[\\w.-]#6 | \\w lower high | endpoint | match | full | 3afa7d614d4b5359",
  "class:[\\w.-]#6 | \\w lower high | outside | silent | full | 6e70497964dc98af",
  "class:[\\w.-]#6 | member . | endpoint | match | full | 2f7175e6fc60fb46",
  "class:[\\w.-]#6 | member - | endpoint | match | full | 31da496a98294b78",
  "quant:*#4 | min 0 reps | endpoint | match | full | 1cc90d80e8882c34",
  "alt:(?:[\\w.-]|[^\\p{ASCII}\\s])#7 | branch 1 of 2 | endpoint | match | full | 0423165e5724c0db",
  "alt:(?:[\\w.-]|[^\\p{ASCII}\\s])#7 | branch 2 of 2 | endpoint | match | full | 083246cd31c91c1c",
  "class:[\\w.-]#7 | \\w digits low | endpoint | match | full | d34a109b9cc0c8bd",
  "class:[\\w.-]#7 | \\w digits high | endpoint | match | full | ea08003eb1b5b04f",
  "class:[\\w.-]#7 | \\w upper low | endpoint | match | full | 81c8dcc2e9df366c",
  "class:[\\w.-]#7 | \\w upper high | endpoint | match | full | dd0a1cc1bf5b8787",
  "class:[\\w.-]#7 | \\w underscore | endpoint | match | full | 0423165e5724c0db",
  "class:[\\w.-]#7 | \\w lower low | endpoint | match | full | aeaab84f3fedfcc5",
  "class:[\\w.-]#7 | \\w lower high | endpoint | match | full | 83afaa10fc375583",
  "class:[\\w.-]#7 | member . | endpoint | match | full | b8435050c1c85291",
  "class:[\\w.-]#7 | member - | endpoint | match | full | 18b5470ecaa86bf6",
]
`;

exports[`the recorded case set > 'clock-minutes' generates the case set recorded for it 1`] = `
[
  "alt:([01]\\d|2[0-3])#1 | branch 1 of 2 | endpoint | match | full | 5a748aab1c464f68",
  "alt:([01]\\d|2[0-3])#1 | branch 2 of 2 | endpoint | match | full | 5b243ac679cc080a",
  "class:[01]#1 | member 0 | endpoint | match | full | 5a748aab1c464f68",
  "class:[01]#1 | member 1 | endpoint | match | full | abd2600d71acb8ee",
  "set:\\d#1 | digits low | endpoint | match | full | 35c85fe0b0338404",
  "set:\\d#1 | digits low | outside | silent | full | d1c51bc9403753e3",
  "set:\\d#1 | digits high | endpoint | match | full | c315c5d5ea99c373",
  "set:\\d#1 | digits high | outside | silent | full | 353bcc62d11eee05",
  "class:[0-3]#1 | range 0-3 low | endpoint | match | full | 51a5420c47327dff",
  "class:[0-3]#1 | range 0-3 low | outside | silent | full | efc2c6515a661559",
  "class:[0-3]#1 | range 0-3 high | endpoint | match | full | 26ca91bdcf51da1b",
  "class:[0-3]#1 | range 0-3 high | outside | silent | full | 0a9a07910423f552",
  "class:[0-5]#1 | range 0-5 low | endpoint | match | full | 27a122e45f426bd9",
  "class:[0-5]#1 | range 0-5 low | outside | silent | full | 6ef76c544646e1e5",
  "class:[0-5]#1 | range 0-5 high | endpoint | match | full | 6e7a09c448ddfa28",
  "class:[0-5]#1 | range 0-5 high | outside | silent | full | b99713ce8c717c1b",
  "set:\\d#2 | digits low | endpoint | match | full | aab65170fc2406df",
  "set:\\d#2 | digits low | outside | silent | full | 15d898eed74ea493",
  "set:\\d#2 | digits high | endpoint | match | full | 8696540ca092010e",
  "set:\\d#2 | digits high | outside | silent | full | 23d142f62a4a5602",
]
`;

exports[`the recorded case set > 'clock-seconds' generates the case set recorded for it 1`] = `
[
  "quant:{1,2}#1 | min 1 reps | endpoint | match | full | 354c452a7bfb0b2f",
  "quant:{1,2}#1 | min 1 reps | outside | silent | full | 90bb819d9dcb4ce6",
  "quant:{1,2}#1 | max 2 reps | endpoint | match | full | 9d40baa2081c9687",
  "quant:{1,2}#1 | max 2 reps | outside | silent | full | c417934fe39a4f41",
  "set:\\d#1 | digits low | endpoint | match | full | 2729edb0f91a3d07",
  "set:\\d#1 | digits low | outside | silent | full | 5aa2aa56ac9fca87",
  "set:\\d#1 | digits high | endpoint | match | full | 8a9f1c545e68c1ff",
  "set:\\d#1 | digits high | outside | silent | full | ff48da135f026377",
  "class:[0-5]#1 | range 0-5 low | endpoint | match | full | fe20315da0409ad5",
  "class:[0-5]#1 | range 0-5 low | outside | silent | full | 06fb9551c794255b",
  "class:[0-5]#1 | range 0-5 high | endpoint | match | full | 530ac106aed2e2aa",
  "class:[0-5]#1 | range 0-5 high | outside | silent | full | 8bfb5664e2d6998e",
  "set:\\d#2 | digits low | endpoint | match | full | b7001cc0bd65c0c3",
  "set:\\d#2 | digits low | outside | silent | full | 28afd71153324934",
  "set:\\d#2 | digits high | endpoint | match | full | ee8cd1715f1a3c8f",
  "set:\\d#2 | digits high | outside | silent | full | c8c159d9367618de",
  "class:[0-5]#2 | range 0-5 low | endpoint | match | full | f07c187e3a4bfdc4",
  "class:[0-5]#2 | range 0-5 low | outside | silent | full | d9129c22e5e60cfc",
  "class:[0-5]#2 | range 0-5 high | endpoint | match | full | b8519b60ae73245f",
  "class:[0-5]#2 | range 0-5 high | outside | silent | full | 5e66687c13cbf580",
  "set:\\d#3 | digits low | endpoint | match | full | 2086d6b19fff2b42",
  "set:\\d#3 | digits low | outside | silent | full | 2e0bbeac83e007d4",
  "set:\\d#3 | digits high | endpoint | match | full | 8f0ca277305f5e8b",
  "set:\\d#3 | digits high | outside | silent | full | 6db6901dd62423d2",
  "quant:?#1 | min 0 reps | endpoint | match | full | 354c452a7bfb0b2f",
  "quant:?#1 | max 1 reps | endpoint | match | full | dceb4c2b5e9f003e",
  "quant:+#1 | min 1 reps | endpoint | match | full | dceb4c2b5e9f003e",
  "set:\\d#4 | digits low | endpoint | match | full | e466ae6e333febe7",
  "set:\\d#4 | digits high | endpoint | match | full | 42613cc0ae172ace",
]
`;

exports[`the recorded case set > 'compact-datetime' generates the case set recorded for it 1`] = `
[
  "alt:(\\d{8}T\\d{6}|\\d{14}|\\d{12})#1 | branch 1 of 3 | endpoint | match | full | 64803f2541f2e2a4",
  "alt:(\\d{8}T\\d{6}|\\d{14}|\\d{12})#1 | branch 2 of 3 | endpoint | match | full | a9c2f67950b73361",
  "alt:(\\d{8}T\\d{6}|\\d{14}|\\d{12})#1 | branch 3 of 3 | endpoint | match | full | 6788dd5ad6be65a9",
  "quant:{8}#1 | min 8 reps | endpoint | match | full | 64803f2541f2e2a4",
  "quant:{8}#1 | min 8 reps | outside | silent | full | abd09f3494d4f4b1",
  "quant:{8}#1 | max 8 reps | endpoint | match | full | 64803f2541f2e2a4",
  "quant:{8}#1 | max 8 reps | outside | silent | full | ad9bb8fe05b50dae",
  "set:\\d#1 | digits low | endpoint | match | full | a40abb7c53bb68c9",
  "set:\\d#1 | digits low | outside | silent | full | c07f9b237b251360",
  "set:\\d#1 | digits high | endpoint | match | full | 4a7cc681b81d07b9",
  "set:\\d#1 | digits high | outside | silent | full | 3e2ca5a1344ab473",
  "quant:{6}#1 | min 6 reps | endpoint | match | full | 64803f2541f2e2a4",
  "quant:{6}#1 | min 6 reps | outside | silent | full | 4a25cff2dd622ca4",
  "quant:{6}#1 | max 6 reps | endpoint | match | full | 64803f2541f2e2a4",
  "quant:{6}#1 | max 6 reps | outside | silent | full | 06d89131099c3e6e",
  "set:\\d#2 | digits low | endpoint | match | pattern | fc17b546bcc73e13",
  "set:\\d#2 | digits low | outside | silent | pattern | 4e4a642ca5bb4a86",
  "set:\\d#2 | digits high | endpoint | match | pattern | 37573f67cd70ecc0",
  "set:\\d#2 | digits high | outside | silent | pattern | 7a2e0d3708ae65bc",
  "quant:{14}#1 | min 14 reps | endpoint | match | full | a9c2f67950b73361",
  "quant:{14}#1 | min 14 reps | outside | silent | full | 5d69a89fa4d40af1",
  "quant:{14}#1 | max 14 reps | endpoint | match | full | a9c2f67950b73361",
  "quant:{14}#1 | max 14 reps | outside | silent | full | bfe7a4659d7d0e49",
  "set:\\d#3 | digits low | endpoint | match | pattern | f64aeea7a1091ff4",
  "set:\\d#3 | digits low | outside | silent | pattern | 662120453137e7b8",
  "set:\\d#3 | digits high | endpoint | match | pattern | be88b03aa50c4f9a",
  "set:\\d#3 | digits high | outside | silent | pattern | f20c3210c290dbad",
  "quant:{12}#1 | min 12 reps | endpoint | match | full | 6788dd5ad6be65a9",
  "quant:{12}#1 | min 12 reps | outside | silent | full | c6d6149761e5069d",
  "quant:{12}#1 | max 12 reps | endpoint | match | full | 6788dd5ad6be65a9",
  "quant:{12}#1 | max 12 reps | outside | silent | full | 5d69a89fa4d40af1",
  "set:\\d#4 | digits low | endpoint | match | pattern | b5163ef961821103",
  "set:\\d#4 | digits low | outside | silent | pattern | 7c4448640fea50b3",
  "set:\\d#4 | digits high | endpoint | match | pattern | dc3267989577b095",
  "set:\\d#4 | digits high | outside | silent | pattern | 7deb094a47db1595",
  "quant:?#1 | min 0 reps | endpoint | match | full | 64803f2541f2e2a4",
  "quant:?#1 | max 1 reps | endpoint | match | full | 5ce96f971e995a63",
  "quant:+#1 | min 1 reps | endpoint | match | full | 5ce96f971e995a63",
  "set:\\d#5 | digits low | endpoint | match | full | dde3c0e93e7f59b5",
  "set:\\d#5 | digits high | endpoint | match | full | 553df75beb2e1995",
  "quant:?#2 | min 0 reps | endpoint | match | full | b29851a34f9b0bcc",
  "quant:?#2 | max 1 reps | endpoint | match | full | 64803f2541f2e2a4",
]
`;

exports[`the recorded case set > 'date-arguments' generates the case set recorded for it 1`] = `
[
  "alt:(?:new\\s+Date|Date\\.UTC)#1 | branch 1 of 2 | endpoint | match | full | 25f62ad5ed4eb231",
  "alt:(?:new\\s+Date|Date\\.UTC)#1 | branch 2 of 2 | endpoint | match | full | 5a51c002fd6175d5",
  "quant:+#1 | min 1 reps | endpoint | match | full | 25f62ad5ed4eb231",
  "quant:+#1 | min 1 reps | outside | silent | full | b5abb54fb0f62147",
  "set:\\s#1 | tab | endpoint | match | full | 25f62ad5ed4eb231",
  "set:\\s#1 | space | endpoint | match | full | bc9c0fda25ad374e",
  "quant:*#1 | min 0 reps | endpoint | match | full | 25f62ad5ed4eb231",
  "set:\\s#2 | tab | endpoint | match | full | f0806e40ebf075fd",
  "set:\\s#2 | space | endpoint | match | full | d3704831c6d42a73",
  "quant:+#2 | min 1 reps | endpoint | match | full | 25f62ad5ed4eb231",
  "quant:+#2 | min 1 reps | outside | silent | full | 6a9b9055a8e155cf",
  "quant:{2,6}#1 | min 2 reps | endpoint | match | pattern | 2d059acc463cbcd9",
  "quant:{2,6}#1 | min 2 reps | outside | silent | pattern | c79e7fcda425e9fd",
  "quant:{2,6}#1 | max 6 reps | endpoint | match | pattern | 0ac7dd9aa8e4a5c7",
  "quant:{2,6}#1 | max 6 reps | outside | silent | pattern | 50afb347a477c1b3",
  "quant:+#3 | min 1 reps | endpoint | match | pattern | 2d059acc463cbcd9",
  "quant:+#3 | min 1 reps | outside | silent | pattern | 9a331ae009189bc0",
]
`;

exports[`the recorded case set > 'epoch-ms' generates the case set recorded for it 1`] = `
[
  "quant:?#1 | min 0 reps | endpoint | match | full | 9b6169e4ff09fa55",
  "quant:?#1 | max 1 reps | endpoint | match | full | 3544ff7f52b19fe5",
  "class:[6-9]#1 | range 6-9 low | endpoint | match | full | 9fd4ed202630663e",
  "class:[6-9]#1 | range 6-9 low | outside | silent | full | 2b00c180ae606ed0",
  "class:[6-9]#1 | range 6-9 high | endpoint | match | full | e8124572734a9178",
  "class:[6-9]#1 | range 6-9 high | outside | silent | full | 07d6f6094e6c35c1",
  "quant:{11}#1 | min 11 reps | endpoint | match | full | 9b6169e4ff09fa55",
  "quant:{11}#1 | min 11 reps | outside | silent | full | 6cf63427d4365866",
  "quant:{11}#1 | max 11 reps | endpoint | match | full | 9b6169e4ff09fa55",
  "quant:{11}#1 | max 11 reps | outside | silent | full | 3ee3814dfaebd97f",
  "quant:?#2 | min 0 reps | endpoint | match | full | 9b6169e4ff09fa55",
  "quant:?#2 | max 1 reps | endpoint | match | full | 1594e5155bca6741",
  "set:\\d#1 | digits low | endpoint | match | full | bc99b4bf100ad96c",
  "set:\\d#1 | digits low | outside | silent | full | 1ef3eb13aa06544d",
  "set:\\d#1 | digits high | endpoint | match | full | 9a5bd68212224509",
  "set:\\d#1 | digits high | outside | silent | full | c833e682849b5559",
  "alt:(?:\\.\\d+(?![\\dA-Za-z_-])|(?![\\dA-Za-z._-]))#1 | branch 1 of 2 | endpoint | match | full | 587d1b505037689a",
  "alt:(?:\\.\\d+(?![\\dA-Za-z_-])|(?![\\dA-Za-z._-]))#1 | branch 2 of 2 | endpoint | match | full | 9b6169e4ff09fa55",
  "quant:+#1 | min 1 reps | endpoint | match | full | 587d1b505037689a",
  "quant:+#1 | min 1 reps | outside | silent | full | e05a8323abaae156",
  "set:\\d#2 | digits low | endpoint | match | full | 6ea76a7e9cd4bbb4",
  "set:\\d#2 | digits low | outside | silent | full | 847adc1b8aa8eb60",
  "set:\\d#2 | digits high | endpoint | match | full | 466d8e0faf4993a9",
  "set:\\d#2 | digits high | outside | silent | full | 599a031467c4921f",
]
`;

exports[`the recorded case set > 'epoch-seconds' generates the case set recorded for it 1`] = `
[
  "quant:?#1 | min 0 reps | endpoint | match | full | 3f49bbfb3f0dec6e",
  "quant:?#1 | max 1 reps | endpoint | match | full | 7c4b122d3ba89dce",
  "class:[6-9]#1 | range 6-9 low | endpoint | match | full | c06c368fcf5c36fe",
  "class:[6-9]#1 | range 6-9 low | outside | silent | full | 0a543ad534f1e3f6",
  "class:[6-9]#1 | range 6-9 high | endpoint | match | full | 3f0830903fb3e204",
  "class:[6-9]#1 | range 6-9 high | outside | silent | full | 79de2bef7ddbf394",
  "quant:{8}#1 | min 8 reps | endpoint | match | full | 3f49bbfb3f0dec6e",
  "quant:{8}#1 | min 8 reps | outside | silent | full | 0c4dd29beee4086b",
  "quant:{8}#1 | max 8 reps | endpoint | match | full | 3f49bbfb3f0dec6e",
  "quant:{8}#1 | max 8 reps | outside | silent | full | e0c2558078697419",
  "quant:?#2 | min 0 reps | endpoint | match | full | 3f49bbfb3f0dec6e",
  "quant:?#2 | max 1 reps | endpoint | match | full | 0d49cb4d0a4f17da",
  "set:\\d#1 | digits low | endpoint | match | full | 3f3b4313e71a7e1c",
  "set:\\d#1 | digits low | outside | silent | full | 239a5280dd8c6736",
  "set:\\d#1 | digits high | endpoint | match | full | bfe287dcbcbf3ca0",
  "set:\\d#1 | digits high | outside | silent | full | 9198f513394df7d0",
  "alt:(?:\\.\\d+(?![\\dA-Za-z_-])|(?![\\dA-Za-z._-]))#1 | branch 1 of 2 | endpoint | match | full | af52f7ca2912e497",
  "alt:(?:\\.\\d+(?![\\dA-Za-z_-])|(?![\\dA-Za-z._-]))#1 | branch 2 of 2 | endpoint | match | full | 3f49bbfb3f0dec6e",
  "quant:+#1 | min 1 reps | endpoint | match | full | af52f7ca2912e497",
  "quant:+#1 | min 1 reps | outside | silent | full | 87f355b00b1e55d1",
  "set:\\d#2 | digits low | endpoint | match | full | d746c3dd8d8c3036",
  "set:\\d#2 | digits low | outside | silent | full | 9eb122867c6499c8",
  "set:\\d#2 | digits high | endpoint | match | full | 1602d214571838a7",
  "set:\\d#2 | digits high | outside | silent | full | ab1c54c4aa5ff723",
]
`;

exports[`the recorded case set > 'iana-timezone' generates the case set recorded for it 1`] = `
[
  "alt:(?:Africa|America|Antarctica|Arctic|Asia|Atlantic|Australia|Europe|Indian|Pacific)#1 | branch 1 of 10 | endpoint | match | full | 5fccff3426e32a27",
  "alt:(?:Africa|America|Antarctica|Arctic|Asia|Atlantic|Australia|Europe|Indian|Pacific)#1 | branch 2 of 10 | endpoint | match | full | 0ed7ce8fe7e68240",
  "alt:(?:Africa|America|Antarctica|Arctic|Asia|Atlantic|Australia|Europe|Indian|Pacific)#1 | branch 3 of 10 | endpoint | match | full | d9b44a11be8d8083",
  "alt:(?:Africa|America|Antarctica|Arctic|Asia|Atlantic|Australia|Europe|Indian|Pacific)#1 | branch 4 of 10 | endpoint | match | full | 72092ddc03887695",
  "alt:(?:Africa|America|Antarctica|Arctic|Asia|Atlantic|Australia|Europe|Indian|Pacific)#1 | branch 5 of 10 | endpoint | match | full | 13f5cb1525a738fe",
  "alt:(?:Africa|America|Antarctica|Arctic|Asia|Atlantic|Australia|Europe|Indian|Pacific)#1 | branch 6 of 10 | endpoint | match | full | 93346543314955c7",
  "alt:(?:Africa|America|Antarctica|Arctic|Asia|Atlantic|Australia|Europe|Indian|Pacific)#1 | branch 7 of 10 | endpoint | match | full | f59dc8057fcb9457",
  "alt:(?:Africa|America|Antarctica|Arctic|Asia|Atlantic|Australia|Europe|Indian|Pacific)#1 | branch 8 of 10 | endpoint | match | full | 760da15f4fc90528",
  "alt:(?:Africa|America|Antarctica|Arctic|Asia|Atlantic|Australia|Europe|Indian|Pacific)#1 | branch 9 of 10 | endpoint | match | full | 77e4e8e1571d8c02",
  "alt:(?:Africa|America|Antarctica|Arctic|Asia|Atlantic|Australia|Europe|Indian|Pacific)#1 | branch 10 of 10 | endpoint | match | full | f82f8a0aeba846d8",
  "class:[A-Z]#1 | range A-Z low | endpoint | match | full | 5ef178ac8e76a16a",
  "class:[A-Z]#1 | range A-Z low | outside | silent | full | dfe7028c5a372ca2",
  "class:[A-Z]#1 | range A-Z high | endpoint | match | full | 1020f005367fc094",
  "class:[A-Z]#1 | range A-Z high | outside | silent | full | 23a6376720539e56",
  "quant:+#1 | min 1 reps | endpoint | match | full | 13f5cb1525a738fe",
  "quant:+#1 | min 1 reps | outside | silent | full | ddb7f82f931c7f67",
  "class:[A-Za-z_]#1 | range A-Z low | endpoint | match | full | 15d7ae5e3276ecbe",
  "class:[A-Za-z_]#1 | range A-Z low | outside | silent | full | 103133e8f67d3e61",
  "class:[A-Za-z_]#1 | range A-Z high | endpoint | match | full | a39a73507fb1e64b",
  "class:[A-Za-z_]#1 | range A-Z high | outside | silent | full | 2a6e92cea88d943a",
  "class:[A-Za-z_]#1 | range a-z low | endpoint | match | full | 481dd45c318e1921",
  "class:[A-Za-z_]#1 | range a-z low | outside | silent | full | eedd31e649f6d93d",
  "class:[A-Za-z_]#1 | range a-z high | endpoint | match | full | 18fc46d711f3b515",
  "class:[A-Za-z_]#1 | range a-z high | outside | silent | full | 3e3333ed14c9338f",
  "class:[A-Za-z_]#1 | member _ | endpoint | match | full | bcd508a56c23a0c0",
  "quant:?#1 | min 0 reps | endpoint | match | full | 13f5cb1525a738fe",
  "quant:?#1 | max 1 reps | endpoint | match | full | 9628a7e23a5c9b1d",
  "class:[A-Z]#2 | range A-Z low | endpoint | match | full | 6b6c6cbcaee05baa",
  "class:[A-Z]#2 | range A-Z high | endpoint | match | full | 18286d680b57b4d9",
  "quant:+#2 | min 1 reps | endpoint | match | full | 9628a7e23a5c9b1d",
  "class:[A-Za-z_]#2 | range A-Z low | endpoint | match | full | 2aa1c71bfdfc5edd",
  "class:[A-Za-z_]#2 | range A-Z high | endpoint | match | full | 711cf4db6e4c2d84",
  "class:[A-Za-z_]#2 | range a-z low | endpoint | match | full | b91535be9c644bfd",
  "class:[A-Za-z_]#2 | range a-z high | endpoint | match | full | c4960536666f56f0",
  "class:[A-Za-z_]#2 | member _ | endpoint | match | full | 281134e35ce5299c",
]
`;

exports[`the recorded case set > 'iso-datetime' generates the case set recorded for it 1`] = `
[
  "quant:{4}#1 | min 4 reps | endpoint | match | full | fa63e8dd563bec03",
  "quant:{4}#1 | min 4 reps | outside | silent | full | ddeced4077948f5e",
  "quant:{4}#1 | max 4 reps | endpoint | match | full | fa63e8dd563bec03",
  "quant:{4}#1 | max 4 reps | outside | silent | full | 7053cb3b43e1b01e",
  "set:\\d#1 | digits low | endpoint | match | full | 4942868d02105ce8",
  "set:\\d#1 | digits low | outside | silent | full | 80aecd7fccb4b797",
  "set:\\d#1 | digits high | endpoint | match | full | d71a2db29b59f0af",
  "set:\\d#1 | digits high | outside | silent | full | ac323e5b30b887fb",
  "quant:{2}#1 | min 2 reps | endpoint | match | full | fa63e8dd563bec03",
  "quant:{2}#1 | min 2 reps | outside | silent | full | 7a6ce75232aa5609",
  "quant:{2}#1 | max 2 reps | endpoint | match | full | fa63e8dd563bec03",
  "quant:{2}#1 | max 2 reps | outside | silent | full | 33c188951068f714",
  "set:\\d#2 | digits low | endpoint | match | full | 097468965a1a002b",
  "set:\\d#2 | digits low | outside | silent | full | 15c357f6952b85aa",
  "set:\\d#2 | digits high | endpoint | match | full | 4b1520c4ecf8a654",
  "set:\\d#2 | digits high | outside | silent | full | 445ca983466084ec",
  "quant:{2}#2 | min 2 reps | endpoint | match | full | fa63e8dd563bec03",
  "quant:{2}#2 | min 2 reps | outside | silent | full | f04ff430367c2d4a",
  "quant:{2}#2 | max 2 reps | endpoint | match | full | fa63e8dd563bec03",
  "quant:{2}#2 | max 2 reps | outside | silent | full | 49e5092d747eb776",
  "set:\\d#3 | digits low | endpoint | match | full | b10c6e1327e29e71",
  "set:\\d#3 | digits low | outside | silent | full | 0966922cd252acf8",
  "set:\\d#3 | digits high | endpoint | match | full | 02e43bcc6d4b8ae3",
  "set:\\d#3 | digits high | outside | silent | full | 9062517e93b288f7",
  "class:[T ]#1 | member T | endpoint | match | full | fa63e8dd563bec03",
  "class:[T ]#1 | member   | endpoint | match | full | d7a3623a0ce05bbb",
  "alt:(?:(\\d{2}):(\\d{2})(?::(\\d{2})(\\.\\d+)?)?|(\\d{2})-(\\d{2})-(\\d{2})(\\.\\d+)?)#1 | branch 1 of 2 | endpoint | match | full | fa63e8dd563bec03",
  "alt:(?:(\\d{2}):(\\d{2})(?::(\\d{2})(\\.\\d+)?)?|(\\d{2})-(\\d{2})-(\\d{2})(\\.\\d+)?)#1 | branch 2 of 2 | endpoint | match | full | c2ee620dffef8c3d",
  "quant:{2}#3 | min 2 reps | endpoint | match | full | fa63e8dd563bec03",
  "quant:{2}#3 | min 2 reps | outside | silent | full | 15cbf86ede16ffba",
  "quant:{2}#3 | max 2 reps | endpoint | match | full | fa63e8dd563bec03",
  "quant:{2}#3 | max 2 reps | outside | silent | full | 36fb24664a5c7b3a",
  "set:\\d#4 | digits low | endpoint | match | full | 76d9fe30129eb72b",
  "set:\\d#4 | digits low | outside | silent | full | f5788d65e2474ae7",
  "set:\\d#4 | digits high | endpoint | match | full | 50fecbff191c5d4f",
  "set:\\d#4 | digits high | outside | silent | full | f6013fd24052c63c",
  "quant:{2}#4 | min 2 reps | endpoint | match | full | fa63e8dd563bec03",
  "quant:{2}#4 | min 2 reps | outside | silent | full | 071ef055c4d22ad0",
  "quant:{2}#4 | max 2 reps | endpoint | match | full | fa63e8dd563bec03",
  "set:\\d#5 | digits low | endpoint | match | full | 03eb0d40e9bd88a5",
  "set:\\d#5 | digits low | outside | silent | full | 6ad1bd0ed07ffa8f",
  "set:\\d#5 | digits high | endpoint | match | full | e4415cf628f2774f",
  "set:\\d#5 | digits high | outside | silent | full | bb5a594713dbae67",
  "quant:?#1 | min 0 reps | endpoint | match | full | fa63e8dd563bec03",
  "quant:?#1 | max 1 reps | endpoint | match | full | 2847a3fb11364fde",
  "quant:{2}#5 | min 2 reps | endpoint | match | full | 2847a3fb11364fde",
  "quant:{2}#5 | max 2 reps | endpoint | match | full | 2847a3fb11364fde",
  "set:\\d#6 | digits low | endpoint | match | full | 4ee548efb858a1f8",
  "set:\\d#6 | digits high | endpoint | match | full | 1aad99c26a4a4c0d",
  "quant:?#2 | min 0 reps | endpoint | match | full | 2847a3fb11364fde",
  "quant:?#2 | max 1 reps | endpoint | match | full | 452ced5729ab70ee",
  "quant:+#1 | min 1 reps | endpoint | match | full | 452ced5729ab70ee",
  "set:\\d#7 | digits low | endpoint | match | full | 4fc9c3e4c2367a54",
  "set:\\d#7 | digits high | endpoint | match | full | 8a197d57456d85ae",
  "quant:{2}#6 | min 2 reps | endpoint | match | full | c2ee620dffef8c3d",
  "quant:{2}#6 | min 2 reps | outside | silent | full | d40270f16fae87ec",
  "quant:{2}#6 | max 2 reps | endpoint | match | full | c2ee620dffef8c3d",
  "quant:{2}#6 | max 2 reps | outside | silent | full | 923993438b443c4e",
  "set:\\d#8 | digits low | endpoint | match | full | f62e65edd9139b9b",
  "set:\\d#8 | digits low | outside | silent | full | 5f9e41d983d4e85e",
  "set:\\d#8 | digits high | endpoint | match | full | 370b87ce49266476",
  "set:\\d#8 | digits high | outside | silent | full | a522077068109e5a",
  "quant:{2}#7 | min 2 reps | endpoint | match | full | c2ee620dffef8c3d",
  "quant:{2}#7 | min 2 reps | outside | silent | full | 272b6ed99a54b732",
  "quant:{2}#7 | max 2 reps | endpoint | match | full | c2ee620dffef8c3d",
  "quant:{2}#7 | max 2 reps | outside | silent | full | fc4a317a187e3e70",
  "set:\\d#9 | digits low | endpoint | match | full | d048a3e4db919fc3",
  "set:\\d#9 | digits low | outside | silent | full | df9cdaa8e6e367c2",
  "set:\\d#9 | digits high | endpoint | match | full | cfeac6e1cb116fcf",
  "set:\\d#9 | digits high | outside | silent | full | 42380e295eb63049",
  "quant:{2}#8 | min 2 reps | endpoint | match | full | c2ee620dffef8c3d",
  "quant:{2}#8 | min 2 reps | outside | silent | full | aa183bf82f54cd1a",
  "quant:{2}#8 | max 2 reps | endpoint | match | full | c2ee620dffef8c3d",
  "set:\\d#10 | digits low | endpoint | match | full | 3f16e65f0ac35763",
  "set:\\d#10 | digits low | outside | silent | full | 1483a24719c74339",
  "set:\\d#10 | digits high | endpoint | match | full | 5428637307fec467",
  "set:\\d#10 | digits high | outside | silent | full | 57fa7f96ea723297",
  "quant:?#3 | min 0 reps | endpoint | match | full | c2ee620dffef8c3d",
  "quant:?#3 | max 1 reps | endpoint | match | full | 5cc6296019a0bac4",
  "quant:+#2 | min 1 reps | endpoint | match | full | 5cc6296019a0bac4",
  "set:\\d#11 | digits low | endpoint | match | full | 99347856f756696d",
  "set:\\d#11 | digits high | endpoint | match | full | f6240c880c50adee",
  "quant:?#4 | min 0 reps | endpoint | match | full | fa63e8dd563bec03",
  "quant:?#4 | max 1 reps | endpoint | match | full | 5f93832f07e74c01",
  "quant:?#5 | min 0 reps | endpoint | match | full | 5f93832f07e74c01",
  "quant:?#5 | max 1 reps | endpoint | match | full | 68114cb9c6030de4",
  "alt:(?:[Zz]|[+-]\\d{2}:?\\d{2})#1 | branch 1 of 2 | endpoint | match | full | 5f93832f07e74c01",
  "alt:(?:[Zz]|[+-]\\d{2}:?\\d{2})#1 | branch 2 of 2 | endpoint | match | full | 6866b2a9146b92e0",
  "class:[Zz]#1 | member Z | endpoint | match | full | 5f93832f07e74c01",
  "class:[Zz]#1 | member z | endpoint | match | full | 88d41be358eea3d2",
  "class:[+-]#1 | member + | endpoint | match | full | 6866b2a9146b92e0",
  "class:[+-]#1 | member - | endpoint | match | full | 9bde4684ac96f7ad",
  "quant:{2}#9 | min 2 reps | endpoint | match | full | 6866b2a9146b92e0",
  "quant:{2}#9 | max 2 reps | endpoint | match | full | 6866b2a9146b92e0",
  "set:\\d#12 | digits low | endpoint | match | full | c85ef62ea00f317b",
  "set:\\d#12 | digits high | endpoint | match | full | ae16abfbaf2252b3",
  "quant:?#6 | min 0 reps | endpoint | match | full | 6866b2a9146b92e0",
  "quant:?#6 | max 1 reps | endpoint | match | full | e87e57effc9e488d",
  "quant:{2}#10 | min 2 reps | endpoint | match | full | 6866b2a9146b92e0",
  "quant:{2}#10 | max 2 reps | endpoint | match | full | 6866b2a9146b92e0",
  "set:\\d#13 | digits low | endpoint | match | full | 7b7e91c75feea92a",
  "set:\\d#13 | digits high | endpoint | match | full | d83621d0f2947a1f",
  "quant:*#1 | min 0 reps | endpoint | match | full | fa63e8dd563bec03",
  "set:\\d#14 | digits low | endpoint | match | full | 7009558ee0ee121a",
  "set:\\d#14 | digits high | endpoint | match | full | 37ffec8e18309b0a",
]
`;

exports[`the recorded case set > 'masked-digit-clock' generates the case set recorded for it 1`] = `
[
  "alt:(?:(?:\\d[A-Za-z]|[A-Za-z]\\d):\\d{2}(?::\\d{2})?|\\d{2}:(?:\\d[A-Za-z]|[A-Za-z]\\d)(?::\\d{2})?|\\d{2}:\\d{2}:(?:\\d[A-Za-z]|[A-Za-z]\\d))#1 | branch 1 of 3 | endpoint | match | full | 243800600428dee0",
  "alt:(?:(?:\\d[A-Za-z]|[A-Za-z]\\d):\\d{2}(?::\\d{2})?|\\d{2}:(?:\\d[A-Za-z]|[A-Za-z]\\d)(?::\\d{2})?|\\d{2}:\\d{2}:(?:\\d[A-Za-z]|[A-Za-z]\\d))#1 | branch 2 of 3 | endpoint | match | full | e272b8c5f7e72e8e",
  "alt:(?:(?:\\d[A-Za-z]|[A-Za-z]\\d):\\d{2}(?::\\d{2})?|\\d{2}:(?:\\d[A-Za-z]|[A-Za-z]\\d)(?::\\d{2})?|\\d{2}:\\d{2}:(?:\\d[A-Za-z]|[A-Za-z]\\d))#1 | branch 3 of 3 | endpoint | match | full | 295ba453db6de736",
  "alt:(?:\\d[A-Za-z]|[A-Za-z]\\d)#1 | branch 1 of 2 | endpoint | match | full | 243800600428dee0",
  "alt:(?:\\d[A-Za-z]|[A-Za-z]\\d)#1 | branch 2 of 2 | endpoint | match | full | ce2392c1cbc2a41e",
  "set:\\d#1 | digits low | endpoint | match | full | 466f10df1df43032",
  "set:\\d#1 | digits low | outside | silent | full | 1943a77a78a71975",
  "set:\\d#1 | digits high | endpoint | match | full | 0d61cd21efd875a5",
  "set:\\d#1 | digits high | outside | silent | full | 12940b03ad188de5",
  "class:[A-Za-z]#1 | range A-Z low | endpoint | match | full | 0285e341b29b3fa6",
  "class:[A-Za-z]#1 | range A-Z low | outside | silent | full | 799fa9780d07698c",
  "class:[A-Za-z]#1 | range A-Z high | endpoint | match | full | 8677ec4d76b7717c",
  "class:[A-Za-z]#1 | range A-Z high | outside | silent | full | 8511e2c75c60d0cd",
  "class:[A-Za-z]#1 | range a-z low | endpoint | match | full | dd4164ff6ca60a52",
  "class:[A-Za-z]#1 | range a-z low | outside | silent | full | fc0acc97e231032c",
  "class:[A-Za-z]#1 | range a-z high | endpoint | match | full | 50da259d0494a90a",
  "class:[A-Za-z]#1 | range a-z high | outside | silent | full | b26a8d889bac7023",
  "class:[A-Za-z]#2 | range A-Z low | endpoint | match | full | 83cdb91072902534",
  "class:[A-Za-z]#2 | range A-Z low | outside | silent | full | 67a1bbe0c737074c",
  "class:[A-Za-z]#2 | range A-Z high | endpoint | match | full | 00235443b3aa1aa1",
  "class:[A-Za-z]#2 | range A-Z high | outside | silent | full | ab59fb7a3130355a",
  "class:[A-Za-z]#2 | range a-z low | endpoint | match | full | 6e35591a6e4d738e",
  "class:[A-Za-z]#2 | range a-z low | outside | silent | full | 1abc53030d225d0b",
  "class:[A-Za-z]#2 | range a-z high | endpoint | match | full | 1587208d40401284",
  "class:[A-Za-z]#2 | range a-z high | outside | silent | full | 554deac972a5a0d4",
  "set:\\d#2 | digits low | endpoint | match | full | b18792eb1dfb4227",
  "set:\\d#2 | digits low | outside | silent | full | d9cc04318f82fedb",
  "set:\\d#2 | digits high | endpoint | match | full | a26f20c03fa3eca6",
  "set:\\d#2 | digits high | outside | silent | full | e9aa809774083634",
  "quant:{2}#1 | min 2 reps | endpoint | match | full | 243800600428dee0",
  "quant:{2}#1 | min 2 reps | outside | silent | full | c1c209b25d2b4bc9",
  "quant:{2}#1 | max 2 reps | endpoint | match | full | 243800600428dee0",
  "quant:{2}#1 | max 2 reps | outside | silent | full | bc619050165e7157",
  "set:\\d#3 | digits low | endpoint | match | full | 60cc94e0473e3ba5",
  "set:\\d#3 | digits low | outside | silent | full | 1cb54590fc619b84",
  "set:\\d#3 | digits high | endpoint | match | full | b1f197cc0fd65cee",
  "set:\\d#3 | digits high | outside | silent | full | 06294d20e501cd5d",
  "quant:?#1 | min 0 reps | endpoint | match | full | 243800600428dee0",
  "quant:?#1 | max 1 reps | endpoint | match | full | 7bde0477ae9ff152",
  "quant:{2}#2 | min 2 reps | endpoint | match | full | 7bde0477ae9ff152",
  "quant:{2}#2 | max 2 reps | endpoint | match | full | 7bde0477ae9ff152",
  "set:\\d#4 | digits low | endpoint | match | full | 5f0cf0953949c0a3",
  "set:\\d#4 | digits high | endpoint | match | full | 3a927ff32416c59b",
  "quant:{2}#3 | min 2 reps | endpoint | match | full | e272b8c5f7e72e8e",
  "quant:{2}#3 | min 2 reps | outside | silent | full | 9b3a011d6f75a110",
  "quant:{2}#3 | max 2 reps | endpoint | match | full | e272b8c5f7e72e8e",
  "quant:{2}#3 | max 2 reps | outside | silent | full | f83e7628070f088d",
  "set:\\d#5 | digits low | endpoint | match | full | a564a15e8b98f99f",
  "set:\\d#5 | digits low | outside | silent | full | 807758eda2829808",
  "set:\\d#5 | digits high | endpoint | match | full | 12b6a1731913f701",
  "set:\\d#5 | digits high | outside | silent | full | cbacd907bb9dc528",
  "alt:(?:\\d[A-Za-z]|[A-Za-z]\\d)#2 | branch 1 of 2 | endpoint | match | full | e272b8c5f7e72e8e",
  "alt:(?:\\d[A-Za-z]|[A-Za-z]\\d)#2 | branch 2 of 2 | endpoint | match | full | 6aca20ebae623f32",
  "set:\\d#6 | digits low | endpoint | match | full | 6d75ae1c6b2b12d0",
  "set:\\d#6 | digits low | outside | silent | full | 01187f371d72763f",
  "set:\\d#6 | digits high | endpoint | match | full | 54da805659683d8e",
  "set:\\d#6 | digits high | outside | silent | full | 4d2db4bdfe0b080e",
  "class:[A-Za-z]#3 | range A-Z low | endpoint | match | full | bc397c3eaeefe2be",
  "class:[A-Za-z]#3 | range A-Z low | outside | silent | full | 30603ef4fe14f0ed",
  "class:[A-Za-z]#3 | range A-Z high | endpoint | match | full | 7060f2b42c0316a0",
  "class:[A-Za-z]#3 | range A-Z high | outside | silent | full | 25b9d13dbd230e59",
  "class:[A-Za-z]#3 | range a-z low | endpoint | match | full | feba276e7c3c9790",
  "class:[A-Za-z]#3 | range a-z low | outside | silent | full | 0d6ee322676da035",
  "class:[A-Za-z]#3 | range a-z high | endpoint | match | full | 49407831cd6d006a",
  "class:[A-Za-z]#3 | range a-z high | outside | silent | full | d72446cd838362a4",
  "class:[A-Za-z]#4 | range A-Z low | endpoint | match | full | 54ad4c67a9f3afdf",
  "class:[A-Za-z]#4 | range A-Z low | outside | silent | full | 87177a4610e9b065",
  "class:[A-Za-z]#4 | range A-Z high | endpoint | match | full | ffb455bb550fc42d",
  "class:[A-Za-z]#4 | range A-Z high | outside | silent | full | 59369aae24402fe9",
  "class:[A-Za-z]#4 | range a-z low | endpoint | match | full | 696568a72c5486ed",
  "class:[A-Za-z]#4 | range a-z low | outside | silent | full | d4bd5c05a5aa9e08",
  "class:[A-Za-z]#4 | range a-z high | endpoint | match | full | 892f2f6e6840d81e",
  "class:[A-Za-z]#4 | range a-z high | outside | silent | full | 74a0cf3d3353c8fe",
  "set:\\d#7 | digits low | endpoint | match | full | 2638ae5e601ad9b2",
  "set:\\d#7 | digits low | outside | silent | full | c442c6078d18d468",
  "set:\\d#7 | digits high | endpoint | match | full | 284c570a56f5e130",
  "set:\\d#7 | digits high | outside | silent | full | 15da54b297f1ff3d",
  "quant:?#2 | min 0 reps | endpoint | match | full | e272b8c5f7e72e8e",
  "quant:?#2 | max 1 reps | endpoint | match | full | ffff09d52a6968fb",
  "quant:{2}#4 | min 2 reps | endpoint | match | full | ffff09d52a6968fb",
  "quant:{2}#4 | max 2 reps | endpoint | match | full | ffff09d52a6968fb",
  "set:\\d#8 | digits low | endpoint | match | full | eaa0193bb3b9cfb7",
  "set:\\d#8 | digits high | endpoint | match | full | 6bffcdb6a44c495e",
  "quant:{2}#5 | min 2 reps | endpoint | match | full | 295ba453db6de736",
  "quant:{2}#5 | min 2 reps | outside | silent | full | 24d98dcdd3bd8918",
  "quant:{2}#5 | max 2 reps | endpoint | match | full | 295ba453db6de736",
  "quant:{2}#5 | max 2 reps | outside | silent | full | 93a9c709a2a571fd",
  "set:\\d#9 | digits low | endpoint | match | full | 823f8d7b8d1bd042",
  "set:\\d#9 | digits low | outside | silent | full | 8ed0783984668662",
  "set:\\d#9 | digits high | endpoint | match | full | 3b3489fd4d6d59da",
  "set:\\d#9 | digits high | outside | silent | full | 00f7e15bb9e96d26",
  "quant:{2}#6 | min 2 reps | endpoint | match | full | 295ba453db6de736",
  "quant:{2}#6 | min 2 reps | outside | silent | full | c82d9d1becc69cc6",
  "quant:{2}#6 | max 2 reps | endpoint | match | full | 295ba453db6de736",
  "quant:{2}#6 | max 2 reps | outside | silent | full | e529695a1dd8b614",
  "set:\\d#10 | digits low | endpoint | match | full | aa6b1c45c9d664e5",
  "set:\\d#10 | digits low | outside | silent | full | 597164061f33f7e2",
  "set:\\d#10 | digits high | endpoint | match | full | 5b2b67e6defad3af",
  "set:\\d#10 | digits high | outside | silent | full | 30a614a7058260aa",
  "alt:(?:\\d[A-Za-z]|[A-Za-z]\\d)#3 | branch 1 of 2 | endpoint | match | full | 295ba453db6de736",
  "alt:(?:\\d[A-Za-z]|[A-Za-z]\\d)#3 | branch 2 of 2 | endpoint | match | full | 52fd138e422ba89b",
  "set:\\d#11 | digits low | endpoint | match | full | 932e408284a91d60",
  "set:\\d#11 | digits low | outside | silent | full | 4cc0fb628ca90dd5",
  "set:\\d#11 | digits high | endpoint | match | full | db6d0976fb492eec",
  "set:\\d#11 | digits high | outside | silent | full | 5805876507cf46b3",
  "class:[A-Za-z]#5 | range A-Z low | endpoint | match | full | e4c88df101561845",
  "class:[A-Za-z]#5 | range A-Z low | outside | silent | full | 33c414c2a13553d4",
  "class:[A-Za-z]#5 | range A-Z high | endpoint | match | full | ef3fc650fece3019",
  "class:[A-Za-z]#5 | range A-Z high | outside | silent | full | 3158f1fbf24afd92",
  "class:[A-Za-z]#5 | range a-z low | endpoint | match | full | d20eef5ec29f9e34",
  "class:[A-Za-z]#5 | range a-z low | outside | silent | full | 3f033ffc60b90078",
  "class:[A-Za-z]#5 | range a-z high | endpoint | match | full | 7f1e7d02201edfe8",
  "class:[A-Za-z]#5 | range a-z high | outside | silent | full | cc9357f195755dff",
  "class:[A-Za-z]#6 | range A-Z low | endpoint | match | full | 933691f5fe6047cf",
  "class:[A-Za-z]#6 | range A-Z low | outside | silent | full | bafbb836e6ccca31",
  "class:[A-Za-z]#6 | range A-Z high | endpoint | match | full | df6575659f5874e2",
  "class:[A-Za-z]#6 | range A-Z high | outside | silent | full | c4cdc46f5af9f302",
  "class:[A-Za-z]#6 | range a-z low | endpoint | match | full | f91a4f9b0f3b5acc",
  "class:[A-Za-z]#6 | range a-z low | outside | silent | full | 516df4b6993f757a",
  "class:[A-Za-z]#6 | range a-z high | endpoint | match | full | 7ec4282d09c52163",
  "class:[A-Za-z]#6 | range a-z high | outside | silent | full | dd66c479afd6968e",
  "set:\\d#12 | digits low | endpoint | match | full | e58d067268abe062",
  "set:\\d#12 | digits low | outside | silent | full | 17c3944c459702c2",
  "set:\\d#12 | digits high | endpoint | match | full | 97ab6946c0c01d48",
  "set:\\d#12 | digits high | outside | silent | full | cba7db74bff307d7",
]
`;

exports[`the recorded case set > 'meridiem-clock' generates the case set recorded for it 1`] = `
[
  "quant:{1,2}#1 | min 1 reps | endpoint | match | full | ca8ce4883bf42b71",
  "quant:{1,2}#1 | min 1 reps | outside | silent | full | 6b987654a4116384",
  "quant:{1,2}#1 | max 2 reps | endpoint | match | full | cfb67c11fd7cb4bc",
  "quant:{1,2}#1 | max 2 reps | outside | silent | full | 47a9b73e2c820447",
  "set:\\d#1 | digits low | endpoint | match | full | be1609f1c7fdb41d",
  "set:\\d#1 | digits low | outside | silent | full | 12a52150daa41be8",
  "set:\\d#1 | digits high | endpoint | match | full | ef0021a1c836f310",
  "set:\\d#1 | digits high | outside | silent | full | 9b0d249c9e39cd9c",
  "quant:?#1 | min 0 reps | endpoint | match | full | ca8ce4883bf42b71",
  "quant:?#1 | max 1 reps | endpoint | match | full | e857395680d27e0d",
  "class:[0-5]#1 | range 0-5 low | endpoint | match | full | 728dddb0810ac8b4",
  "class:[0-5]#1 | range 0-5 high | endpoint | match | full | c0aa598e6f445c17",
  "set:\\d#2 | digits low | endpoint | match | full | d17ca0edc194aa85",
  "set:\\d#2 | digits high | endpoint | match | full | b398b58be22b59f0",
  "quant:?#2 | min 0 reps | endpoint | match | full | ca8ce4883bf42b71",
  "quant:?#2 | max 1 reps | endpoint | match | full | ca8ce4883bf42b71",
  "class:[APap]#1 | member A | endpoint | match | full | 3d4d5202006283de",
  "class:[APap]#1 | member P | endpoint | match | full | ca8ce4883bf42b71",
  "class:[APap]#1 | member a | endpoint | match | full | fa6e70bebab2902c",
  "class:[APap]#1 | member p | endpoint | match | full | 460a6341cfa90080",
  "quant:?#3 | min 0 reps | endpoint | match | full | ca8ce4883bf42b71",
  "quant:?#3 | max 1 reps | endpoint | match | full | b89a55e9c1a0d58a",
  "class:[Mm]#1 | member M | endpoint | match | full | ca8ce4883bf42b71",
  "class:[Mm]#1 | member m | endpoint | match | full | fdb1b1c40bd490f2",
  "quant:?#4 | min 0 reps | endpoint | match | full | ca8ce4883bf42b71",
  "quant:?#4 | max 1 reps | endpoint | match | full | 76325429dc02f1c5",
]
`;

exports[`the recorded case set > 'rfc1123-date' generates the case set recorded for it 1`] = `
[
  "alt:(?:Mon|Tue|Wed|Thu|Fri|Sat|Sun)#1 | branch 1 of 7 | endpoint | match | full | 604ee70d616d8c1f",
  "alt:(?:Mon|Tue|Wed|Thu|Fri|Sat|Sun)#1 | branch 2 of 7 | endpoint | match | full | 3fdf8a5f93ae65e7",
  "alt:(?:Mon|Tue|Wed|Thu|Fri|Sat|Sun)#1 | branch 3 of 7 | endpoint | match | full | 932c43b7a06469ca",
  "alt:(?:Mon|Tue|Wed|Thu|Fri|Sat|Sun)#1 | branch 4 of 7 | endpoint | match | full | 6523a0a79290bdff",
  "alt:(?:Mon|Tue|Wed|Thu|Fri|Sat|Sun)#1 | branch 5 of 7 | endpoint | match | full | 0142be1ff02ec6e1",
  "alt:(?:Mon|Tue|Wed|Thu|Fri|Sat|Sun)#1 | branch 6 of 7 | endpoint | match | full | e00b71cac3aeaccf",
  "alt:(?:Mon|Tue|Wed|Thu|Fri|Sat|Sun)#1 | branch 7 of 7 | endpoint | match | full | 3c099a50bc40f0b6",
  "quant:+#1 | min 1 reps | endpoint | match | full | 6523a0a79290bdff",
  "quant:+#1 | min 1 reps | outside | silent | full | a77b80fe42d06637",
  "set:\\s#1 | tab | endpoint | match | full | 6523a0a79290bdff",
  "set:\\s#1 | space | endpoint | match | full | 0e39cc5c357e0129",
  "quant:{1,2}#1 | min 1 reps | endpoint | match | full | 6523a0a79290bdff",
  "quant:{1,2}#1 | min 1 reps | outside | silent | full | eaabdfa869c5c207",
  "quant:{1,2}#1 | max 2 reps | endpoint | match | full | 5a973c299e261f41",
  "quant:{1,2}#1 | max 2 reps | outside | silent | full | 93abb96644d3fba3",
  "set:\\d#1 | digits low | endpoint | match | full | f2da9cfff270c434",
  "set:\\d#1 | digits low | outside | silent | full | d821645f46219368",
  "set:\\d#1 | digits high | endpoint | match | full | 111de7aa61bc07b7",
  "set:\\d#1 | digits high | outside | silent | full | 64faaf084af1e859",
  "quant:+#2 | min 1 reps | endpoint | match | full | 6523a0a79290bdff",
  "quant:+#2 | min 1 reps | outside | silent | full | 2dce46a099f8b517",
  "set:\\s#2 | tab | endpoint | match | full | 6523a0a79290bdff",
  "set:\\s#2 | space | endpoint | match | full | 5c268ea5b4198714",
  "alt:(?:Jan|Feb|Mar|Apr|May|Jun|Jul|Aug|Sep|Oct|Nov|Dec)#1 | branch 1 of 12 | endpoint | match | full | d668efec61c519d5",
  "alt:(?:Jan|Feb|Mar|Apr|May|Jun|Jul|Aug|Sep|Oct|Nov|Dec)#1 | branch 2 of 12 | endpoint | match | full | 8c23bcdbf7373cd6",
  "alt:(?:Jan|Feb|Mar|Apr|May|Jun|Jul|Aug|Sep|Oct|Nov|Dec)#1 | branch 3 of 12 | endpoint | match | full | 48593b3aea46e582",
  "alt:(?:Jan|Feb|Mar|Apr|May|Jun|Jul|Aug|Sep|Oct|Nov|Dec)#1 | branch 4 of 12 | endpoint | match | full | d8a6df6091529121",
  "alt:(?:Jan|Feb|Mar|Apr|May|Jun|Jul|Aug|Sep|Oct|Nov|Dec)#1 | branch 5 of 12 | endpoint | match | full | ac225e9b12364542",
  "alt:(?:Jan|Feb|Mar|Apr|May|Jun|Jul|Aug|Sep|Oct|Nov|Dec)#1 | branch 6 of 12 | endpoint | match | full | 6523a0a79290bdff",
  "alt:(?:Jan|Feb|Mar|Apr|May|Jun|Jul|Aug|Sep|Oct|Nov|Dec)#1 | branch 7 of 12 | endpoint | match | full | e8da26f610aa8725",
  "alt:(?:Jan|Feb|Mar|Apr|May|Jun|Jul|Aug|Sep|Oct|Nov|Dec)#1 | branch 8 of 12 | endpoint | match | full | f6cf3b564bd37253",
  "alt:(?:Jan|Feb|Mar|Apr|May|Jun|Jul|Aug|Sep|Oct|Nov|Dec)#1 | branch 9 of 12 | endpoint | match | full | dcc48e5fdd18c943",
  "alt:(?:Jan|Feb|Mar|Apr|May|Jun|Jul|Aug|Sep|Oct|Nov|Dec)#1 | branch 10 of 12 | endpoint | match | full | 7d47378613cba81c",
  "alt:(?:Jan|Feb|Mar|Apr|May|Jun|Jul|Aug|Sep|Oct|Nov|Dec)#1 | branch 11 of 12 | endpoint | match | full | 0c217199c1a18ad3",
  "alt:(?:Jan|Feb|Mar|Apr|May|Jun|Jul|Aug|Sep|Oct|Nov|Dec)#1 | branch 12 of 12 | endpoint | match | full | e800388aaa7789e9",
  "quant:+#3 | min 1 reps | endpoint | match | full | 6523a0a79290bdff",
  "quant:+#3 | min 1 reps | outside | silent | full | 9aa83fda88fd0fd7",
  "set:\\s#3 | tab | endpoint | match | full | 6523a0a79290bdff",
  "set:\\s#3 | space | endpoint | match | full | 009b21fc528350b4",
  "quant:{4}#1 | min 4 reps | endpoint | match | full | 6523a0a79290bdff",
  "quant:{4}#1 | min 4 reps | outside | silent | full | cd0a8f5d312825ff",
  "quant:{4}#1 | max 4 reps | endpoint | match | full | 6523a0a79290bdff",
  "quant:{4}#1 | max 4 reps | outside | silent | full | 9fa888fcaf44e831",
  "set:\\d#2 | digits low | endpoint | match | full | 9d542721f7835dbe",
  "set:\\d#2 | digits low | outside | silent | full | bb61b41b64ec2343",
  "set:\\d#2 | digits high | endpoint | match | full | 8dcb0983470c77d4",
  "set:\\d#2 | digits high | outside | silent | full | 83fd7f92d4d69844",
  "quant:?#1 | min 0 reps | endpoint | match | pattern | 73c4672c98284cb4",
  "quant:?#1 | max 1 reps | endpoint | match | pattern | 6523a0a79290bdff",
  "quant:+#4 | min 1 reps | endpoint | match | full | 6523a0a79290bdff",
  "set:\\s#4 | tab | endpoint | match | full | 6523a0a79290bdff",
  "set:\\s#4 | space | endpoint | match | full | 4975e27dbac00e3a",
  "quant:{2}#1 | min 2 reps | endpoint | match | full | 6523a0a79290bdff",
  "quant:{2}#1 | max 2 reps | endpoint | match | full | 6523a0a79290bdff",
  "set:\\d#3 | digits low | endpoint | match | full | f863668328a1ae04",
  "set:\\d#3 | digits high | endpoint | match | full | 7924cebc294dad7c",
  "quant:{2}#2 | min 2 reps | endpoint | match | full | 6523a0a79290bdff",
  "quant:{2}#2 | max 2 reps | endpoint | match | full | 6523a0a79290bdff",
  "set:\\d#4 | digits low | endpoint | match | full | 042dd1a8c9b39308",
  "set:\\d#4 | digits high | endpoint | match | full | 59ec2a3b44f1a760",
  "quant:{2}#3 | min 2 reps | endpoint | match | full | 6523a0a79290bdff",
  "quant:{2}#3 | max 2 reps | endpoint | match | full | 6523a0a79290bdff",
  "set:\\d#5 | digits low | endpoint | match | full | c30cc03db83feea9",
  "set:\\d#5 | digits high | endpoint | match | full | e8a9f02ac89afb33",
  "quant:?#2 | min 0 reps | endpoint | match | full | 6523a0a79290bdff",
  "quant:?#2 | max 1 reps | endpoint | match | full | edc3938a6f29b370",
  "quant:+#5 | min 1 reps | endpoint | match | full | edc3938a6f29b370",
  "set:\\s#5 | tab | endpoint | match | full | edc3938a6f29b370",
  "set:\\s#5 | space | endpoint | match | full | d3bac75cc6c7b7ae",
  "alt:([A-Z]{1,5}|[+-]\\d{4})#1 | branch 1 of 2 | endpoint | match | full | edc3938a6f29b370",
  "alt:([A-Z]{1,5}|[+-]\\d{4})#1 | branch 2 of 2 | endpoint | match | full | d1ee01d262450e57",
  "quant:{1,5}#1 | min 1 reps | endpoint | match | full | edc3938a6f29b370",
  "quant:{1,5}#1 | max 5 reps | endpoint | match | full | cd17e52a99280360",
  "class:[A-Z]#1 | range A-Z low | endpoint | match | full | 2e8ff4f9ed24452a",
  "class:[A-Z]#1 | range A-Z high | endpoint | match | full | 38f28f793f9ba13d",
  "class:[+-]#1 | member + | endpoint | match | full | d1ee01d262450e57",
  "class:[+-]#1 | member - | endpoint | match | full | 31a5593af796eec7",
  "quant:{4}#2 | min 4 reps | endpoint | match | full | d1ee01d262450e57",
  "quant:{4}#2 | max 4 reps | endpoint | match | full | d1ee01d262450e57",
  "set:\\d#6 | digits low | endpoint | match | full | 48353561eb76e1b3",
  "set:\\d#6 | digits high | endpoint | match | full | 6d87f5d9edac93e6",
]
`;

exports[`the recorded case set > 'seasonless-timezone-abbreviation' generates the case set recorded for it 1`] = `
[
  "alt:(?:A[CEKW]T|[CEMP]T|HT|NZT)#1 | branch 1 of 4 | endpoint | match | full | 719cda3867c07769",
  "alt:(?:A[CEKW]T|[CEMP]T|HT|NZT)#1 | branch 2 of 4 | endpoint | match | full | 7f09b7cf3117d60e",
  "alt:(?:A[CEKW]T|[CEMP]T|HT|NZT)#1 | branch 3 of 4 | endpoint | match | full | 50ef9fcd318715a8",
  "alt:(?:A[CEKW]T|[CEMP]T|HT|NZT)#1 | branch 4 of 4 | endpoint | match | full | 12d5ffd96bd19318",
  "class:[CEKW]#1 | member C | endpoint | match | full | f4fb19795af729d9",
  "class:[CEKW]#1 | member E | endpoint | match | full | 719cda3867c07769",
  "class:[CEKW]#1 | member K | endpoint | match | full | 1e01bcb7603bbc60",
  "class:[CEKW]#1 | member W | endpoint | match | full | 96606aade75c040d",
  "class:[CEMP]#1 | member C | endpoint | match | full | a381ed20970d36ae",
  "class:[CEMP]#1 | member E | endpoint | match | full | 7f09b7cf3117d60e",
  "class:[CEMP]#1 | member M | endpoint | match | full | bb9c32af1a8ef30d",
  "class:[CEMP]#1 | member P | endpoint | match | full | d464e0e502b9f914",
]
`;

exports[`the recorded case set > 'timezone-abbreviation' generates the case set recorded for it 1`] = `
[
  "alt:(?:A[CEKW][SD]T|[CEMP][SD]T|H[SD]T|NZ[SD]T|BST|CES?T|EES?T|WES?T|IST|JST|KST)#1 | branch 1 of 11 | endpoint | match | full | 319a0115b41f4834",
  "alt:(?:A[CEKW][SD]T|[CEMP][SD]T|H[SD]T|NZ[SD]T|BST|CES?T|EES?T|WES?T|IST|JST|KST)#1 | branch 2 of 11 | endpoint | match | full | c3a1bdb094702a36",
  "alt:(?:A[CEKW][SD]T|[CEMP][SD]T|H[SD]T|NZ[SD]T|BST|CES?T|EES?T|WES?T|IST|JST|KST)#1 | branch 3 of 11 | endpoint | match | full | 76d28e3a87479e2f",
  "alt:(?:A[CEKW][SD]T|[CEMP][SD]T|H[SD]T|NZ[SD]T|BST|CES?T|EES?T|WES?T|IST|JST|KST)#1 | branch 4 of 11 | endpoint | match | full | c207fbe25a517a92",
  "alt:(?:A[CEKW][SD]T|[CEMP][SD]T|H[SD]T|NZ[SD]T|BST|CES?T|EES?T|WES?T|IST|JST|KST)#1 | branch 5 of 11 | endpoint | match | full | 010696611abc684f",
  "alt:(?:A[CEKW][SD]T|[CEMP][SD]T|H[SD]T|NZ[SD]T|BST|CES?T|EES?T|WES?T|IST|JST|KST)#1 | branch 6 of 11 | endpoint | match | full | 3cefc51774b8daf5",
  "alt:(?:A[CEKW][SD]T|[CEMP][SD]T|H[SD]T|NZ[SD]T|BST|CES?T|EES?T|WES?T|IST|JST|KST)#1 | branch 7 of 11 | endpoint | match | full | 9bec82d0bb31ddce",
  "alt:(?:A[CEKW][SD]T|[CEMP][SD]T|H[SD]T|NZ[SD]T|BST|CES?T|EES?T|WES?T|IST|JST|KST)#1 | branch 8 of 11 | endpoint | match | full | a915428c5f0d13eb",
  "alt:(?:A[CEKW][SD]T|[CEMP][SD]T|H[SD]T|NZ[SD]T|BST|CES?T|EES?T|WES?T|IST|JST|KST)#1 | branch 9 of 11 | endpoint | match | full | 3ac483217e193455",
  "alt:(?:A[CEKW][SD]T|[CEMP][SD]T|H[SD]T|NZ[SD]T|BST|CES?T|EES?T|WES?T|IST|JST|KST)#1 | branch 10 of 11 | endpoint | match | full | c013ea4b104523fc",
  "alt:(?:A[CEKW][SD]T|[CEMP][SD]T|H[SD]T|NZ[SD]T|BST|CES?T|EES?T|WES?T|IST|JST|KST)#1 | branch 11 of 11 | endpoint | match | full | 47c5ac61b52196ae",
  "class:[CEKW]#1 | member C | endpoint | match | full | 3f2a4ba7abf5bc0b",
  "class:[CEKW]#1 | member E | endpoint | match | full | 319a0115b41f4834",
  "class:[CEKW]#1 | member K | endpoint | match | full | cea807733d01565d",
  "class:[CEKW]#1 | member W | endpoint | match | full | 295ba4fb3eab103f",
  "class:[SD]#1 | member S | endpoint | match | full | 319a0115b41f4834",
  "class:[SD]#1 | member D | endpoint | match | full | 6cc62a857a229eb4",
  "class:[CEMP]#1 | member C | endpoint | match | full | 71f4bb60fac63291",
  "class:[CEMP]#1 | member E | endpoint | match | full | c3a1bdb094702a36",
  "class:[CEMP]#1 | member M | endpoint | match | full | b9bfe7fff289c198",
  "class:[CEMP]#1 | member P | endpoint | match | full | c5d0e8952e13fc8a",
  "class:[SD]#2 | member S | endpoint | match | full | c3a1bdb094702a36",
  "class:[SD]#2 | member D | endpoint | match | full | f9f30a03dbf6d13f",
  "class:[SD]#3 | member S | endpoint | match | full | 76d28e3a87479e2f",
  "class:[SD]#3 | member D | endpoint | match | full | 9340f31f35b19eab",
  "class:[SD]#4 | member S | endpoint | match | full | c207fbe25a517a92",
  "class:[SD]#4 | member D | endpoint | match | full | 1c22343cd55c8ff2",
  "quant:?#1 | min 0 reps | endpoint | match | full | 3cefc51774b8daf5",
  "quant:?#1 | max 1 reps | endpoint | match | full | 57bb4c034d39e181",
  "quant:?#2 | min 0 reps | endpoint | match | full | 9bec82d0bb31ddce",
  "quant:?#2 | max 1 reps | endpoint | match | full | cf5bf05a9ea3925f",
  "quant:?#3 | min 0 reps | endpoint | match | full | a915428c5f0d13eb",
  "quant:?#3 | max 1 reps | endpoint | match | full | ce561623aa6452fa",
]
`;

exports[`the recorded case set > 'timezone-offset' generates the case set recorded for it 1`] = `
[
  "alt:(?<![\\w.,:+-])([+\\p{Dash}])(0\\d|1[0-4]):?(00|15|30|45)(?![\\w.,:+-])|\\b(?:UTC|GMT|UT)[+\\p{Dash}](0?\\d|1[0-4])(?::?(00|15|30|45))?(?![\\w.,:+-])#1 | branch 1 of 2 | endpoint | match | full | 37ecbcd709347497",
  "alt:(?<![\\w.,:+-])([+\\p{Dash}])(0\\d|1[0-4]):?(00|15|30|45)(?![\\w.,:+-])|\\b(?:UTC|GMT|UT)[+\\p{Dash}](0?\\d|1[0-4])(?::?(00|15|30|45))?(?![\\w.,:+-])#1 | branch 2 of 2 | endpoint | match | full | fa79a6d3f5243b9d",
  "alt:(0\\d|1[0-4])#1 | branch 1 of 2 | endpoint | match | full | 37ecbcd709347497",
  "alt:(0\\d|1[0-4])#1 | branch 2 of 2 | endpoint | match | full | e95ba006ef5529ff",
  "set:\\d#1 | digits low | endpoint | match | full | 026655d125dfade0",
  "set:\\d#1 | digits low | outside | silent | full | e06b573f4c911c69",
  "set:\\d#1 | digits high | endpoint | match | full | ffc2b2f92e7a14dd",
  "set:\\d#1 | digits high | outside | silent | full | 2333de1fd7fd7dae",
  "class:[0-4]#1 | range 0-4 low | endpoint | match | full | 0769dbfaee837b6d",
  "class:[0-4]#1 | range 0-4 low | outside | silent | full | 9d70ea489ae69ca8",
  "class:[0-4]#1 | range 0-4 high | endpoint | match | full | af4601d496a9f9c6",
  "class:[0-4]#1 | range 0-4 high | outside | silent | full | 62612a8063fecd33",
  "quant:?#1 | min 0 reps | endpoint | match | full | 37ecbcd709347497",
  "quant:?#1 | max 1 reps | endpoint | match | full | 57a93dee2d94d7f7",
  "alt:(00|15|30|45)#1 | branch 1 of 4 | endpoint | match | full | 597bea987ef36f59",
  "alt:(00|15|30|45)#1 | branch 2 of 4 | endpoint | match | full | 37ecbcd709347497",
  "alt:(00|15|30|45)#1 | branch 3 of 4 | endpoint | match | full | d78a1118d659e246",
  "alt:(00|15|30|45)#1 | branch 4 of 4 | endpoint | match | full | b6a45c11748c8310",
  "alt:(?:UTC|GMT|UT)#1 | branch 1 of 3 | endpoint | match | full | 5db64fc11bd0176f",
  "alt:(?:UTC|GMT|UT)#1 | branch 2 of 3 | endpoint | match | full | fa79a6d3f5243b9d",
  "alt:(?:UTC|GMT|UT)#1 | branch 3 of 3 | endpoint | match | full | 5ba0bf92537fe90e",
  "alt:(0?\\d|1[0-4])#1 | branch 1 of 2 | endpoint | match | full | fa79a6d3f5243b9d",
  "alt:(0?\\d|1[0-4])#1 | branch 2 of 2 | endpoint | match | full | 44f95742f2054c9e",
  "quant:?#2 | min 0 reps | endpoint | match | full | fa79a6d3f5243b9d",
  "quant:?#2 | max 1 reps | endpoint | match | full | e8dfc4d5855fd483",
  "set:\\d#2 | digits low | endpoint | match | pattern | 3b14ffd73e9739ff",
  "set:\\d#2 | digits low | outside | silent | pattern | 835db4142757f8e1",
  "set:\\d#2 | digits high | endpoint | match | pattern | aac155454dffdc9b",
  "set:\\d#2 | digits high | outside | silent | pattern | 3181fce31942b08e",
  "class:[0-4]#2 | range 0-4 low | endpoint | match | full | 31451fc0f74e9f18",
  "class:[0-4]#2 | range 0-4 high | endpoint | match | full | cf53fd96ddf12001",
  "class:[0-4]#2 | range 0-4 high | outside | silent | full | 9247c72a7261b798",
  "quant:?#3 | min 0 reps | endpoint | match | full | fa79a6d3f5243b9d",
  "quant:?#3 | max 1 reps | endpoint | match | full | c33c5e1514c6f24c",
  "quant:?#4 | min 0 reps | endpoint | match | full | c33c5e1514c6f24c",
  "quant:?#4 | max 1 reps | endpoint | match | full | cef32d99e295af7d",
  "alt:(00|15|30|45)#2 | branch 1 of 4 | endpoint | match | full | 1d2e9bd0d7dda502",
  "alt:(00|15|30|45)#2 | branch 2 of 4 | endpoint | match | full | c33c5e1514c6f24c",
  "alt:(00|15|30|45)#2 | branch 3 of 4 | endpoint | match | full | bdc49200023ea4bf",
  "alt:(00|15|30|45)#2 | branch 4 of 4 | endpoint | match | full | 9c2c0101609bc29a",
]
`;

exports[`the recorded case set > 'uuidv7' generates the case set recorded for it 1`] = `
[
  "quant:{8}#1 | min 8 reps | endpoint | match | full | 762b5f0365b144b6",
  "quant:{8}#1 | min 8 reps | outside | silent | full | f84d046b801ad8a0",
  "quant:{8}#1 | max 8 reps | endpoint | match | full | 762b5f0365b144b6",
  "quant:{8}#1 | max 8 reps | outside | silent | full | 0727088e6211379f",
  "class:[0-9a-fA-F]#1 | range 0-9 low | endpoint | match | full | bea803fdc654f9bb",
  "class:[0-9a-fA-F]#1 | range 0-9 low | outside | silent | full | 3ee58ff57be21b12",
  "class:[0-9a-fA-F]#1 | range 0-9 high | endpoint | match | full | 5112976564300f10",
  "class:[0-9a-fA-F]#1 | range 0-9 high | outside | silent | full | 43e019a98c942faf",
  "class:[0-9a-fA-F]#1 | range a-f low | endpoint | match | full | 3bdbc35cae5dc388",
  "class:[0-9a-fA-F]#1 | range a-f low | outside | silent | full | 1cc34c45c0de5ed8",
  "class:[0-9a-fA-F]#1 | range a-f high | endpoint | match | full | 68d6c5d02277154e",
  "class:[0-9a-fA-F]#1 | range a-f high | outside | silent | full | e6b7b6eca6f641ab",
  "class:[0-9a-fA-F]#1 | range A-F low | endpoint | match | full | 757d24bc92249cb4",
  "class:[0-9a-fA-F]#1 | range A-F low | outside | silent | full | adad05fb323df555",
  "class:[0-9a-fA-F]#1 | range A-F high | endpoint | match | full | 5105f13a9ebef5f9",
  "class:[0-9a-fA-F]#1 | range A-F high | outside | silent | full | 3f5368eadaec1f86",
  "quant:{4}#1 | min 4 reps | endpoint | match | full | 762b5f0365b144b6",
  "quant:{4}#1 | min 4 reps | outside | silent | full | 0a0979206b257dc5",
  "quant:{4}#1 | max 4 reps | endpoint | match | full | 762b5f0365b144b6",
  "quant:{4}#1 | max 4 reps | outside | silent | full | 45db5bd195a94013",
  "class:[0-9a-fA-F]#2 | range 0-9 low | endpoint | match | full | 45f7d196bbc6e9d8",
  "class:[0-9a-fA-F]#2 | range 0-9 low | outside | silent | full | 2749d77527cccf7d",
  "class:[0-9a-fA-F]#2 | range 0-9 high | endpoint | match | full | 3f657a9685b7faf6",
  "class:[0-9a-fA-F]#2 | range 0-9 high | outside | silent | full | 1b594a79c0d03995",
  "class:[0-9a-fA-F]#2 | range a-f low | endpoint | match | full | 250db1223b2d27ef",
  "class:[0-9a-fA-F]#2 | range a-f low | outside | silent | full | 89b00e8f2690579f",
  "class:[0-9a-fA-F]#2 | range a-f high | endpoint | match | full | 7c58f58789e49bee",
  "class:[0-9a-fA-F]#2 | range a-f high | outside | silent | full | f108686b22686bdc",
  "class:[0-9a-fA-F]#2 | range A-F low | endpoint | match | full | 156682c488e35884",
  "class:[0-9a-fA-F]#2 | range A-F low | outside | silent | full | 4c19439992f1850c",
  "class:[0-9a-fA-F]#2 | range A-F high | endpoint | match | full | 698a2841718268ef",
  "class:[0-9a-fA-F]#2 | range A-F high | outside | silent | full | 04c0fdb5e29efc8b",
  "quant:{3}#1 | min 3 reps | endpoint | match | full | 762b5f0365b144b6",
  "quant:{3}#1 | min 3 reps | outside | silent | full | 9f1b69a1c7c41914",
  "quant:{3}#1 | max 3 reps | endpoint | match | full | 762b5f0365b144b6",
  "quant:{3}#1 | max 3 reps | outside | silent | full | 8026e8439fb9ac5b",
  "class:[0-9a-fA-F]#3 | range 0-9 low | endpoint | match | full | e132aca7b857bead",
  "class:[0-9a-fA-F]#3 | range 0-9 low | outside | silent | full | 5a50205fc6dfecd9",
  "class:[0-9a-fA-F]#3 | range 0-9 high | endpoint | match | full | 4e7045975a1b6757",
  "class:[0-9a-fA-F]#3 | range 0-9 high | outside | silent | full | 9e6e32f7a9bec5af",
  "class:[0-9a-fA-F]#3 | range a-f low | endpoint | match | full | 7a45431a504e2b7f",
  "class:[0-9a-fA-F]#3 | range a-f low | outside | silent | full | 9f039c10bacf7e35",
  "class:[0-9a-fA-F]#3 | range a-f high | endpoint | match | full | 4c84d8aac96d9224",
  "class:[0-9a-fA-F]#3 | range a-f high | outside | silent | full | bfbd686110af25ae",
  "class:[0-9a-fA-F]#3 | range A-F low | endpoint | match | full | bdec46898a4ef7dd",
  "class:[0-9a-fA-F]#3 | range A-F low | outside | silent | full | f46e1e8b60b9d45d",
  "class:[0-9a-fA-F]#3 | range A-F high | endpoint | match | full | 3daba01498ce02cd",
  "class:[0-9a-fA-F]#3 | range A-F high | outside | silent | full | d255de1cc7bb5240",
  "quant:{4}#2 | min 4 reps | endpoint | match | full | 762b5f0365b144b6",
  "quant:{4}#2 | min 4 reps | outside | silent | full | 4bb430f257f691f4",
  "quant:{4}#2 | max 4 reps | endpoint | match | full | 762b5f0365b144b6",
  "quant:{4}#2 | max 4 reps | outside | silent | full | c277706f1b7eb73b",
  "class:[0-9a-fA-F]#4 | range 0-9 low | endpoint | match | full | 2830e40ec7a6bebb",
  "class:[0-9a-fA-F]#4 | range 0-9 low | outside | silent | full | 7f15166e2e720f22",
  "class:[0-9a-fA-F]#4 | range 0-9 high | endpoint | match | full | 0fc2773891fc61f8",
  "class:[0-9a-fA-F]#4 | range 0-9 high | outside | silent | full | 8a5ca2fdc597a9fd",
  "class:[0-9a-fA-F]#4 | range a-f low | endpoint | match | full | 0ec4fa3cd2a95d87",
  "class:[0-9a-fA-F]#4 | range a-f low | outside | silent | full | 66c046ea44476fb2",
  "class:[0-9a-fA-F]#4 | range a-f high | endpoint | match | full | eeb422a09f234ca6",
  "class:[0-9a-fA-F]#4 | range a-f high | outside | silent | full | e52cef78c3721477",
  "class:[0-9a-fA-F]#4 | range A-F low | endpoint | match | full | 6d469e62f4b43dcf",
  "class:[0-9a-fA-F]#4 | range A-F low | outside | silent | full | a824eab0fe9ae676",
  "class:[0-9a-fA-F]#4 | range A-F high | endpoint | match | full | 45739642d82da762",
  "class:[0-9a-fA-F]#4 | range A-F high | outside | silent | full | de943a94dcba06f3",
  "quant:{12}#1 | min 12 reps | endpoint | match | full | 762b5f0365b144b6",
  "quant:{12}#1 | min 12 reps | outside | silent | full | df886196eff38acf",
  "quant:{12}#1 | max 12 reps | endpoint | match | full | 762b5f0365b144b6",
  "quant:{12}#1 | max 12 reps | outside | silent | full | 7210c5815864ed96",
  "class:[0-9a-fA-F]#5 | range 0-9 low | endpoint | match | full | 5d1b77ed45540fb4",
  "class:[0-9a-fA-F]#5 | range 0-9 low | outside | silent | full | 7589b085b146a504",
  "class:[0-9a-fA-F]#5 | range 0-9 high | endpoint | match | full | 6d8a091b4dfc0369",
  "class:[0-9a-fA-F]#5 | range 0-9 high | outside | silent | full | dd16a045790bcbd9",
  "class:[0-9a-fA-F]#5 | range a-f low | endpoint | match | full | 0446ddbc08c57c24",
  "class:[0-9a-fA-F]#5 | range a-f low | outside | silent | full | 45826f9885611d06",
  "class:[0-9a-fA-F]#5 | range a-f high | endpoint | match | full | f48bcad46c0138b0",
  "class:[0-9a-fA-F]#5 | range a-f high | outside | silent | full | 05a01f376ca41b95",
  "class:[0-9a-fA-F]#5 | range A-F low | endpoint | match | full | 19ed0b7e1e8febcc",
  "class:[0-9a-fA-F]#5 | range A-F low | outside | silent | full | 4fba604fd3c2f8e2",
  "class:[0-9a-fA-F]#5 | range A-F high | endpoint | match | full | c70897f32a0d3bc0",
  "class:[0-9a-fA-F]#5 | range A-F high | outside | silent | full | be51779aa0459fe4",
]
`;
